Archive member included to satisfy reference by file (symbol)

c:\users\matthijs\Documents\Atmel Studio\7.0\ArduinoSketch1\ArduinoSketch1\ArduinoCore\Debug\libArduinoCore.a(HardwareSerial.o)
                              Sketch.o (_ZN14HardwareSerial5beginEmh)
c:\users\matthijs\Documents\Atmel Studio\7.0\ArduinoSketch1\ArduinoSketch1\ArduinoCore\Debug\libArduinoCore.a(HardwareSerial0.o)
                              Sketch.o (Serial)
c:\users\matthijs\Documents\Atmel Studio\7.0\ArduinoSketch1\ArduinoSketch1\ArduinoCore\Debug\libArduinoCore.a(main.o)
                              C:/Program Files (x86)/Atmel/Studio/7.0/Packs/atmel/ATmega_DFP/1.2.132/gcc/dev/atmega328p/avr5/crtatmega328p.o (main)
c:\users\matthijs\Documents\Atmel Studio\7.0\ArduinoSketch1\ArduinoSketch1\ArduinoCore\Debug\libArduinoCore.a(Print.o)
                              Sketch.o (_ZN5Print5writeEPKhj)
c:\users\matthijs\Documents\Atmel Studio\7.0\ArduinoSketch1\ArduinoSketch1\ArduinoCore\Debug\libArduinoCore.a(wiring.o)
                              Sketch.o (micros)
c:\users\matthijs\Documents\Atmel Studio\7.0\ArduinoSketch1\ArduinoSketch1\ArduinoCore\Debug\libArduinoCore.a(abi.o)
                              c:\users\matthijs\Documents\Atmel Studio\7.0\ArduinoSketch1\ArduinoSketch1\ArduinoCore\Debug\libArduinoCore.a(Print.o) (__cxa_pure_virtual)
c:\users\matthijs\Documents\Atmel Studio\7.0\ArduinoSketch1\ArduinoSketch1\ArduinoCore\Debug\libArduinoCore.a(hooks.o)
                              c:\users\matthijs\Documents\Atmel Studio\7.0\ArduinoSketch1\ArduinoSketch1\ArduinoCore\Debug\libArduinoCore.a(wiring.o) (yield)
c:/program files (x86)/atmel/studio/7.0/toolchain/avr8/avr8-gnu-toolchain/bin/../lib/gcc/avr/5.4.0/../../../../avr/lib/avr5\libm.a(addsf3.o)
                              c:\users\matthijs\Documents\Atmel Studio\7.0\ArduinoSketch1\ArduinoSketch1\ArduinoCore\Debug\libArduinoCore.a(Print.o) (__subsf3)
c:/program files (x86)/atmel/studio/7.0/toolchain/avr8/avr8-gnu-toolchain/bin/../lib/gcc/avr/5.4.0/../../../../avr/lib/avr5\libm.a(addsf3x.o)
                              c:/program files (x86)/atmel/studio/7.0/toolchain/avr8/avr8-gnu-toolchain/bin/../lib/gcc/avr/5.4.0/../../../../avr/lib/avr5\libm.a(addsf3.o) (__addsf3x)
c:/program files (x86)/atmel/studio/7.0/toolchain/avr8/avr8-gnu-toolchain/bin/../lib/gcc/avr/5.4.0/../../../../avr/lib/avr5\libm.a(cmpsf2.o)
                              c:\users\matthijs\Documents\Atmel Studio\7.0\ArduinoSketch1\ArduinoSketch1\ArduinoCore\Debug\libArduinoCore.a(Print.o) (__ltsf2)
c:/program files (x86)/atmel/studio/7.0/toolchain/avr8/avr8-gnu-toolchain/bin/../lib/gcc/avr/5.4.0/../../../../avr/lib/avr5\libm.a(divsf3.o)
                              c:\users\matthijs\Documents\Atmel Studio\7.0\ArduinoSketch1\ArduinoSketch1\ArduinoCore\Debug\libArduinoCore.a(Print.o) (__divsf3)
c:/program files (x86)/atmel/studio/7.0/toolchain/avr8/avr8-gnu-toolchain/bin/../lib/gcc/avr/5.4.0/../../../../avr/lib/avr5\libm.a(divsf3x.o)
                              c:/program files (x86)/atmel/studio/7.0/toolchain/avr8/avr8-gnu-toolchain/bin/../lib/gcc/avr/5.4.0/../../../../avr/lib/avr5\libm.a(divsf3.o) (__divsf3x)
c:/program files (x86)/atmel/studio/7.0/toolchain/avr8/avr8-gnu-toolchain/bin/../lib/gcc/avr/5.4.0/../../../../avr/lib/avr5\libm.a(fixunssfsi.o)
                              c:\users\matthijs\Documents\Atmel Studio\7.0\ArduinoSketch1\ArduinoSketch1\ArduinoCore\Debug\libArduinoCore.a(Print.o) (__fixunssfsi)
c:/program files (x86)/atmel/studio/7.0/toolchain/avr8/avr8-gnu-toolchain/bin/../lib/gcc/avr/5.4.0/../../../../avr/lib/avr5\libm.a(floatsisf.o)
                              c:\users\matthijs\Documents\Atmel Studio\7.0\ArduinoSketch1\ArduinoSketch1\ArduinoCore\Debug\libArduinoCore.a(Print.o) (__floatunsisf)
c:/program files (x86)/atmel/studio/7.0/toolchain/avr8/avr8-gnu-toolchain/bin/../lib/gcc/avr/5.4.0/../../../../avr/lib/avr5\libm.a(fp_cmp.o)
                              c:/program files (x86)/atmel/studio/7.0/toolchain/avr8/avr8-gnu-toolchain/bin/../lib/gcc/avr/5.4.0/../../../../avr/lib/avr5\libm.a(cmpsf2.o) (__fp_cmp)
c:/program files (x86)/atmel/studio/7.0/toolchain/avr8/avr8-gnu-toolchain/bin/../lib/gcc/avr/5.4.0/../../../../avr/lib/avr5\libm.a(fp_inf.o)
                              c:/program files (x86)/atmel/studio/7.0/toolchain/avr8/avr8-gnu-toolchain/bin/../lib/gcc/avr/5.4.0/../../../../avr/lib/avr5\libm.a(addsf3x.o) (__fp_inf)
c:/program files (x86)/atmel/studio/7.0/toolchain/avr8/avr8-gnu-toolchain/bin/../lib/gcc/avr/5.4.0/../../../../avr/lib/avr5\libm.a(fp_nan.o)
                              c:/program files (x86)/atmel/studio/7.0/toolchain/avr8/avr8-gnu-toolchain/bin/../lib/gcc/avr/5.4.0/../../../../avr/lib/avr5\libm.a(addsf3x.o) (__fp_nan)
c:/program files (x86)/atmel/studio/7.0/toolchain/avr8/avr8-gnu-toolchain/bin/../lib/gcc/avr/5.4.0/../../../../avr/lib/avr5\libm.a(fp_pscA.o)
                              c:/program files (x86)/atmel/studio/7.0/toolchain/avr8/avr8-gnu-toolchain/bin/../lib/gcc/avr/5.4.0/../../../../avr/lib/avr5\libm.a(addsf3x.o) (__fp_pscA)
c:/program files (x86)/atmel/studio/7.0/toolchain/avr8/avr8-gnu-toolchain/bin/../lib/gcc/avr/5.4.0/../../../../avr/lib/avr5\libm.a(fp_pscB.o)
                              c:/program files (x86)/atmel/studio/7.0/toolchain/avr8/avr8-gnu-toolchain/bin/../lib/gcc/avr/5.4.0/../../../../avr/lib/avr5\libm.a(addsf3x.o) (__fp_pscB)
c:/program files (x86)/atmel/studio/7.0/toolchain/avr8/avr8-gnu-toolchain/bin/../lib/gcc/avr/5.4.0/../../../../avr/lib/avr5\libm.a(fp_round.o)
                              c:/program files (x86)/atmel/studio/7.0/toolchain/avr8/avr8-gnu-toolchain/bin/../lib/gcc/avr/5.4.0/../../../../avr/lib/avr5\libm.a(addsf3.o) (__fp_round)
c:/program files (x86)/atmel/studio/7.0/toolchain/avr8/avr8-gnu-toolchain/bin/../lib/gcc/avr/5.4.0/../../../../avr/lib/avr5\libm.a(fp_split3.o)
                              c:/program files (x86)/atmel/studio/7.0/toolchain/avr8/avr8-gnu-toolchain/bin/../lib/gcc/avr/5.4.0/../../../../avr/lib/avr5\libm.a(addsf3x.o) (__fp_split3)
c:/program files (x86)/atmel/studio/7.0/toolchain/avr8/avr8-gnu-toolchain/bin/../lib/gcc/avr/5.4.0/../../../../avr/lib/avr5\libm.a(fp_zero.o)
                              c:/program files (x86)/atmel/studio/7.0/toolchain/avr8/avr8-gnu-toolchain/bin/../lib/gcc/avr/5.4.0/../../../../avr/lib/avr5\libm.a(addsf3x.o) (__fp_zero)
c:/program files (x86)/atmel/studio/7.0/toolchain/avr8/avr8-gnu-toolchain/bin/../lib/gcc/avr/5.4.0/../../../../avr/lib/avr5\libm.a(gesf2.o)
                              c:\users\matthijs\Documents\Atmel Studio\7.0\ArduinoSketch1\ArduinoSketch1\ArduinoCore\Debug\libArduinoCore.a(Print.o) (__gtsf2)
c:/program files (x86)/atmel/studio/7.0/toolchain/avr8/avr8-gnu-toolchain/bin/../lib/gcc/avr/5.4.0/../../../../avr/lib/avr5\libm.a(mulsf3.o)
                              c:\users\matthijs\Documents\Atmel Studio\7.0\ArduinoSketch1\ArduinoSketch1\ArduinoCore\Debug\libArduinoCore.a(Print.o) (__mulsf3)
c:/program files (x86)/atmel/studio/7.0/toolchain/avr8/avr8-gnu-toolchain/bin/../lib/gcc/avr/5.4.0/../../../../avr/lib/avr5\libm.a(mulsf3x.o)
                              c:/program files (x86)/atmel/studio/7.0/toolchain/avr8/avr8-gnu-toolchain/bin/../lib/gcc/avr/5.4.0/../../../../avr/lib/avr5\libm.a(mulsf3.o) (__mulsf3x)
c:/program files (x86)/atmel/studio/7.0/toolchain/avr8/avr8-gnu-toolchain/bin/../lib/gcc/avr/5.4.0/../../../../avr/lib/avr5\libm.a(unordsf2.o)
                              c:\users\matthijs\Documents\Atmel Studio\7.0\ArduinoSketch1\ArduinoSketch1\ArduinoCore\Debug\libArduinoCore.a(Print.o) (__unordsf2)
c:/program files (x86)/atmel/studio/7.0/toolchain/avr8/avr8-gnu-toolchain/bin/../lib/gcc/avr/5.4.0/avr5\libgcc.a(_udivmodsi4.o)
                              c:\users\matthijs\Documents\Atmel Studio\7.0\ArduinoSketch1\ArduinoSketch1\ArduinoCore\Debug\libArduinoCore.a(HardwareSerial.o) (__udivmodsi4)
c:/program files (x86)/atmel/studio/7.0/toolchain/avr8/avr8-gnu-toolchain/bin/../lib/gcc/avr/5.4.0/avr5\libgcc.a(_exit.o)
                              C:/Program Files (x86)/Atmel/Studio/7.0/Packs/atmel/ATmega_DFP/1.2.132/gcc/dev/atmega328p/avr5/crtatmega328p.o (exit)
c:/program files (x86)/atmel/studio/7.0/toolchain/avr8/avr8-gnu-toolchain/bin/../lib/gcc/avr/5.4.0/avr5\libgcc.a(_copy_data.o)
                              Sketch.o (__do_copy_data)
c:/program files (x86)/atmel/studio/7.0/toolchain/avr8/avr8-gnu-toolchain/bin/../lib/gcc/avr/5.4.0/avr5\libgcc.a(_clear_bss.o)
                              c:\users\matthijs\Documents\Atmel Studio\7.0\ArduinoSketch1\ArduinoSketch1\ArduinoCore\Debug\libArduinoCore.a(HardwareSerial0.o) (__do_clear_bss)
c:/program files (x86)/atmel/studio/7.0/toolchain/avr8/avr8-gnu-toolchain/bin/../lib/gcc/avr/5.4.0/avr5\libgcc.a(_ctors.o)
                              c:\users\matthijs\Documents\Atmel Studio\7.0\ArduinoSketch1\ArduinoSketch1\ArduinoCore\Debug\libArduinoCore.a(HardwareSerial0.o) (__do_global_ctors)
c:/program files (x86)/atmel/studio/7.0/toolchain/avr8/avr8-gnu-toolchain/bin/../lib/gcc/avr/5.4.0/avr5\libgcc.a(_tablejump2.o)
                              c:/program files (x86)/atmel/studio/7.0/toolchain/avr8/avr8-gnu-toolchain/bin/../lib/gcc/avr/5.4.0/avr5\libgcc.a(_ctors.o) (__tablejump2__)
c:/program files (x86)/atmel/studio/7.0/toolchain/avr8/avr8-gnu-toolchain/bin/../lib/gcc/avr/5.4.0/../../../../avr/lib/avr5\libc.a(abort.o)
                              c:\users\matthijs\Documents\Atmel Studio\7.0\ArduinoSketch1\ArduinoSketch1\ArduinoCore\Debug\libArduinoCore.a(abi.o) (abort)

Discarded input sections

 .data          0x00000000        0x0 C:/Program Files (x86)/Atmel/Studio/7.0/Packs/atmel/ATmega_DFP/1.2.132/gcc/dev/atmega328p/avr5/crtatmega328p.o
 .bss           0x00000000        0x0 C:/Program Files (x86)/Atmel/Studio/7.0/Packs/atmel/ATmega_DFP/1.2.132/gcc/dev/atmega328p/avr5/crtatmega328p.o
 .text          0x00000000        0x0 Sketch.o
 .data          0x00000000        0x0 Sketch.o
 .bss           0x00000000        0x0 Sketch.o
 .group         0x00000000        0x8 c:\users\matthijs\Documents\Atmel Studio\7.0\ArduinoSketch1\ArduinoSketch1\ArduinoCore\Debug\libArduinoCore.a(HardwareSerial.o)
 .text          0x00000000        0x0 c:\users\matthijs\Documents\Atmel Studio\7.0\ArduinoSketch1\ArduinoSketch1\ArduinoCore\Debug\libArduinoCore.a(HardwareSerial.o)
 .data          0x00000000        0x0 c:\users\matthijs\Documents\Atmel Studio\7.0\ArduinoSketch1\ArduinoSketch1\ArduinoCore\Debug\libArduinoCore.a(HardwareSerial.o)
 .bss           0x00000000        0x0 c:\users\matthijs\Documents\Atmel Studio\7.0\ArduinoSketch1\ArduinoSketch1\ArduinoCore\Debug\libArduinoCore.a(HardwareSerial.o)
 .text._ZN14HardwareSerial3endEv
                0x00000000       0x44 c:\users\matthijs\Documents\Atmel Studio\7.0\ArduinoSketch1\ArduinoSketch1\ArduinoCore\Debug\libArduinoCore.a(HardwareSerial.o)
 .group         0x00000000        0x8 c:\users\matthijs\Documents\Atmel Studio\7.0\ArduinoSketch1\ArduinoSketch1\ArduinoCore\Debug\libArduinoCore.a(HardwareSerial0.o)
 .group         0x00000000        0x8 c:\users\matthijs\Documents\Atmel Studio\7.0\ArduinoSketch1\ArduinoSketch1\ArduinoCore\Debug\libArduinoCore.a(HardwareSerial0.o)
 .text          0x00000000        0x0 c:\users\matthijs\Documents\Atmel Studio\7.0\ArduinoSketch1\ArduinoSketch1\ArduinoCore\Debug\libArduinoCore.a(HardwareSerial0.o)
 .data          0x00000000        0x0 c:\users\matthijs\Documents\Atmel Studio\7.0\ArduinoSketch1\ArduinoSketch1\ArduinoCore\Debug\libArduinoCore.a(HardwareSerial0.o)
 .bss           0x00000000        0x0 c:\users\matthijs\Documents\Atmel Studio\7.0\ArduinoSketch1\ArduinoSketch1\ArduinoCore\Debug\libArduinoCore.a(HardwareSerial0.o)
 .text._ZN5Print17availableForWriteEv
                0x00000000        0x6 c:\users\matthijs\Documents\Atmel Studio\7.0\ArduinoSketch1\ArduinoSketch1\ArduinoCore\Debug\libArduinoCore.a(HardwareSerial0.o)
 .text._ZN5Print5flushEv
                0x00000000        0x2 c:\users\matthijs\Documents\Atmel Studio\7.0\ArduinoSketch1\ArduinoSketch1\ArduinoCore\Debug\libArduinoCore.a(HardwareSerial0.o)
 .text          0x00000000        0x0 c:\users\matthijs\Documents\Atmel Studio\7.0\ArduinoSketch1\ArduinoSketch1\ArduinoCore\Debug\libArduinoCore.a(main.o)
 .data          0x00000000        0x0 c:\users\matthijs\Documents\Atmel Studio\7.0\ArduinoSketch1\ArduinoSketch1\ArduinoCore\Debug\libArduinoCore.a(main.o)
 .bss           0x00000000        0x0 c:\users\matthijs\Documents\Atmel Studio\7.0\ArduinoSketch1\ArduinoSketch1\ArduinoCore\Debug\libArduinoCore.a(main.o)
 .text.atexit   0x00000000        0x6 c:\users\matthijs\Documents\Atmel Studio\7.0\ArduinoSketch1\ArduinoSketch1\ArduinoCore\Debug\libArduinoCore.a(main.o)
 .text._Z8setupUSBv
                0x00000000        0x2 c:\users\matthijs\Documents\Atmel Studio\7.0\ArduinoSketch1\ArduinoSketch1\ArduinoCore\Debug\libArduinoCore.a(main.o)
 .group         0x00000000        0x8 c:\users\matthijs\Documents\Atmel Studio\7.0\ArduinoSketch1\ArduinoSketch1\ArduinoCore\Debug\libArduinoCore.a(Print.o)
 .group         0x00000000        0x8 c:\users\matthijs\Documents\Atmel Studio\7.0\ArduinoSketch1\ArduinoSketch1\ArduinoCore\Debug\libArduinoCore.a(Print.o)
 .group         0x00000000        0x8 c:\users\matthijs\Documents\Atmel Studio\7.0\ArduinoSketch1\ArduinoSketch1\ArduinoCore\Debug\libArduinoCore.a(Print.o)
 .group         0x00000000        0x8 c:\users\matthijs\Documents\Atmel Studio\7.0\ArduinoSketch1\ArduinoSketch1\ArduinoCore\Debug\libArduinoCore.a(Print.o)
 .text          0x00000000        0x0 c:\users\matthijs\Documents\Atmel Studio\7.0\ArduinoSketch1\ArduinoSketch1\ArduinoCore\Debug\libArduinoCore.a(Print.o)
 .data          0x00000000        0x0 c:\users\matthijs\Documents\Atmel Studio\7.0\ArduinoSketch1\ArduinoSketch1\ArduinoCore\Debug\libArduinoCore.a(Print.o)
 .bss           0x00000000        0x0 c:\users\matthijs\Documents\Atmel Studio\7.0\ArduinoSketch1\ArduinoSketch1\ArduinoCore\Debug\libArduinoCore.a(Print.o)
 .text._ZN5Print17availableForWriteEv
                0x00000000        0x6 c:\users\matthijs\Documents\Atmel Studio\7.0\ArduinoSketch1\ArduinoSketch1\ArduinoCore\Debug\libArduinoCore.a(Print.o)
 .text._ZN5Print5flushEv
                0x00000000        0x2 c:\users\matthijs\Documents\Atmel Studio\7.0\ArduinoSketch1\ArduinoSketch1\ArduinoCore\Debug\libArduinoCore.a(Print.o)
 .text._ZN5Print5printEPK19__FlashStringHelper
                0x00000000       0x48 c:\users\matthijs\Documents\Atmel Studio\7.0\ArduinoSketch1\ArduinoSketch1\ArduinoCore\Debug\libArduinoCore.a(Print.o)
 .text._ZN5Print5printERK6String
                0x00000000       0x1c c:\users\matthijs\Documents\Atmel Studio\7.0\ArduinoSketch1\ArduinoSketch1\ArduinoCore\Debug\libArduinoCore.a(Print.o)
 .text._ZN5Print5printEPKc
                0x00000000        0x4 c:\users\matthijs\Documents\Atmel Studio\7.0\ArduinoSketch1\ArduinoSketch1\ArduinoCore\Debug\libArduinoCore.a(Print.o)
 .text._ZN5Print5printEc
                0x00000000        0xe c:\users\matthijs\Documents\Atmel Studio\7.0\ArduinoSketch1\ArduinoSketch1\ArduinoCore\Debug\libArduinoCore.a(Print.o)
 .text._ZN5Print5printERK9Printable
                0x00000000       0x14 c:\users\matthijs\Documents\Atmel Studio\7.0\ArduinoSketch1\ArduinoSketch1\ArduinoCore\Debug\libArduinoCore.a(Print.o)
 .text._ZN5Print7printlnEPK19__FlashStringHelper
                0x00000000       0x24 c:\users\matthijs\Documents\Atmel Studio\7.0\ArduinoSketch1\ArduinoSketch1\ArduinoCore\Debug\libArduinoCore.a(Print.o)
 .text._ZN5Print7printlnERK6String
                0x00000000       0x24 c:\users\matthijs\Documents\Atmel Studio\7.0\ArduinoSketch1\ArduinoSketch1\ArduinoCore\Debug\libArduinoCore.a(Print.o)
 .text._ZN5Print7printlnEPKc
                0x00000000       0x24 c:\users\matthijs\Documents\Atmel Studio\7.0\ArduinoSketch1\ArduinoSketch1\ArduinoCore\Debug\libArduinoCore.a(Print.o)
 .text._ZN5Print7printlnEc
                0x00000000       0x24 c:\users\matthijs\Documents\Atmel Studio\7.0\ArduinoSketch1\ArduinoSketch1\ArduinoCore\Debug\libArduinoCore.a(Print.o)
 .text._ZN5Print7printlnERK9Printable
                0x00000000       0x24 c:\users\matthijs\Documents\Atmel Studio\7.0\ArduinoSketch1\ArduinoSketch1\ArduinoCore\Debug\libArduinoCore.a(Print.o)
 .text._ZN5Print5printEhi
                0x00000000        0xe c:\users\matthijs\Documents\Atmel Studio\7.0\ArduinoSketch1\ArduinoSketch1\ArduinoCore\Debug\libArduinoCore.a(Print.o)
 .text._ZN5Print7printlnEhi
                0x00000000       0x24 c:\users\matthijs\Documents\Atmel Studio\7.0\ArduinoSketch1\ArduinoSketch1\ArduinoCore\Debug\libArduinoCore.a(Print.o)
 .text._ZN5Print5printEji
                0x00000000        0xc c:\users\matthijs\Documents\Atmel Studio\7.0\ArduinoSketch1\ArduinoSketch1\ArduinoCore\Debug\libArduinoCore.a(Print.o)
 .text._ZN5Print7printlnEji
                0x00000000       0x24 c:\users\matthijs\Documents\Atmel Studio\7.0\ArduinoSketch1\ArduinoSketch1\ArduinoCore\Debug\libArduinoCore.a(Print.o)
 .text._ZN5Print5printEli
                0x00000000       0x90 c:\users\matthijs\Documents\Atmel Studio\7.0\ArduinoSketch1\ArduinoSketch1\ArduinoCore\Debug\libArduinoCore.a(Print.o)
 .text._ZN5Print5printEii
                0x00000000        0xe c:\users\matthijs\Documents\Atmel Studio\7.0\ArduinoSketch1\ArduinoSketch1\ArduinoCore\Debug\libArduinoCore.a(Print.o)
 .text._ZN5Print7printlnEii
                0x00000000       0x24 c:\users\matthijs\Documents\Atmel Studio\7.0\ArduinoSketch1\ArduinoSketch1\ArduinoCore\Debug\libArduinoCore.a(Print.o)
 .text._ZN5Print7printlnEli
                0x00000000       0x24 c:\users\matthijs\Documents\Atmel Studio\7.0\ArduinoSketch1\ArduinoSketch1\ArduinoCore\Debug\libArduinoCore.a(Print.o)
 .text._ZN5Print10printFloatEdh
                0x00000000      0x1b6 c:\users\matthijs\Documents\Atmel Studio\7.0\ArduinoSketch1\ArduinoSketch1\ArduinoCore\Debug\libArduinoCore.a(Print.o)
 .text._ZN5Print5printEdi
                0x00000000        0x4 c:\users\matthijs\Documents\Atmel Studio\7.0\ArduinoSketch1\ArduinoSketch1\ArduinoCore\Debug\libArduinoCore.a(Print.o)
 .text._ZN5Print7printlnEdi
                0x00000000       0x24 c:\users\matthijs\Documents\Atmel Studio\7.0\ArduinoSketch1\ArduinoSketch1\ArduinoCore\Debug\libArduinoCore.a(Print.o)
 .rodata._ZTV5Print
                0x00000000        0xc c:\users\matthijs\Documents\Atmel Studio\7.0\ArduinoSketch1\ArduinoSketch1\ArduinoCore\Debug\libArduinoCore.a(Print.o)
 .text          0x00000000        0x0 c:\users\matthijs\Documents\Atmel Studio\7.0\ArduinoSketch1\ArduinoSketch1\ArduinoCore\Debug\libArduinoCore.a(wiring.o)
 .data          0x00000000        0x0 c:\users\matthijs\Documents\Atmel Studio\7.0\ArduinoSketch1\ArduinoSketch1\ArduinoCore\Debug\libArduinoCore.a(wiring.o)
 .bss           0x00000000        0x0 c:\users\matthijs\Documents\Atmel Studio\7.0\ArduinoSketch1\ArduinoSketch1\ArduinoCore\Debug\libArduinoCore.a(wiring.o)
 .text.millis   0x00000000       0x18 c:\users\matthijs\Documents\Atmel Studio\7.0\ArduinoSketch1\ArduinoSketch1\ArduinoCore\Debug\libArduinoCore.a(wiring.o)
 .text.delay    0x00000000       0x78 c:\users\matthijs\Documents\Atmel Studio\7.0\ArduinoSketch1\ArduinoSketch1\ArduinoCore\Debug\libArduinoCore.a(wiring.o)
 .text.delayMicroseconds
                0x00000000       0x16 c:\users\matthijs\Documents\Atmel Studio\7.0\ArduinoSketch1\ArduinoSketch1\ArduinoCore\Debug\libArduinoCore.a(wiring.o)
 .text          0x00000000        0x0 c:\users\matthijs\Documents\Atmel Studio\7.0\ArduinoSketch1\ArduinoSketch1\ArduinoCore\Debug\libArduinoCore.a(abi.o)
 .data          0x00000000        0x0 c:\users\matthijs\Documents\Atmel Studio\7.0\ArduinoSketch1\ArduinoSketch1\ArduinoCore\Debug\libArduinoCore.a(abi.o)
 .bss           0x00000000        0x0 c:\users\matthijs\Documents\Atmel Studio\7.0\ArduinoSketch1\ArduinoSketch1\ArduinoCore\Debug\libArduinoCore.a(abi.o)
 .text.__cxa_pure_virtual
                0x00000000        0x4 c:\users\matthijs\Documents\Atmel Studio\7.0\ArduinoSketch1\ArduinoSketch1\ArduinoCore\Debug\libArduinoCore.a(abi.o)
 .text.__cxa_deleted_virtual
                0x00000000        0x4 c:\users\matthijs\Documents\Atmel Studio\7.0\ArduinoSketch1\ArduinoSketch1\ArduinoCore\Debug\libArduinoCore.a(abi.o)
 .debug_info    0x00000000       0x76 c:\users\matthijs\Documents\Atmel Studio\7.0\ArduinoSketch1\ArduinoSketch1\ArduinoCore\Debug\libArduinoCore.a(abi.o)
 .debug_abbrev  0x00000000       0x6d c:\users\matthijs\Documents\Atmel Studio\7.0\ArduinoSketch1\ArduinoSketch1\ArduinoCore\Debug\libArduinoCore.a(abi.o)
 .debug_aranges
                0x00000000       0x20 c:\users\matthijs\Documents\Atmel Studio\7.0\ArduinoSketch1\ArduinoSketch1\ArduinoCore\Debug\libArduinoCore.a(abi.o)
 .debug_ranges  0x00000000       0x10 c:\users\matthijs\Documents\Atmel Studio\7.0\ArduinoSketch1\ArduinoSketch1\ArduinoCore\Debug\libArduinoCore.a(abi.o)
 .debug_line    0x00000000       0xa9 c:\users\matthijs\Documents\Atmel Studio\7.0\ArduinoSketch1\ArduinoSketch1\ArduinoCore\Debug\libArduinoCore.a(abi.o)
 .debug_str     0x00000000      0x1a6 c:\users\matthijs\Documents\Atmel Studio\7.0\ArduinoSketch1\ArduinoSketch1\ArduinoCore\Debug\libArduinoCore.a(abi.o)
 .comment       0x00000000       0x31 c:\users\matthijs\Documents\Atmel Studio\7.0\ArduinoSketch1\ArduinoSketch1\ArduinoCore\Debug\libArduinoCore.a(abi.o)
 .debug_frame   0x00000000       0x34 c:\users\matthijs\Documents\Atmel Studio\7.0\ArduinoSketch1\ArduinoSketch1\ArduinoCore\Debug\libArduinoCore.a(abi.o)
 .text          0x00000000        0x0 c:\users\matthijs\Documents\Atmel Studio\7.0\ArduinoSketch1\ArduinoSketch1\ArduinoCore\Debug\libArduinoCore.a(hooks.o)
 .data          0x00000000        0x0 c:\users\matthijs\Documents\Atmel Studio\7.0\ArduinoSketch1\ArduinoSketch1\ArduinoCore\Debug\libArduinoCore.a(hooks.o)
 .bss           0x00000000        0x0 c:\users\matthijs\Documents\Atmel Studio\7.0\ArduinoSketch1\ArduinoSketch1\ArduinoCore\Debug\libArduinoCore.a(hooks.o)
 .text.__empty  0x00000000        0x2 c:\users\matthijs\Documents\Atmel Studio\7.0\ArduinoSketch1\ArduinoSketch1\ArduinoCore\Debug\libArduinoCore.a(hooks.o)
 .debug_info    0x00000000       0x3e c:\users\matthijs\Documents\Atmel Studio\7.0\ArduinoSketch1\ArduinoSketch1\ArduinoCore\Debug\libArduinoCore.a(hooks.o)
 .debug_abbrev  0x00000000       0x2a c:\users\matthijs\Documents\Atmel Studio\7.0\ArduinoSketch1\ArduinoSketch1\ArduinoCore\Debug\libArduinoCore.a(hooks.o)
 .debug_aranges
                0x00000000       0x20 c:\users\matthijs\Documents\Atmel Studio\7.0\ArduinoSketch1\ArduinoSketch1\ArduinoCore\Debug\libArduinoCore.a(hooks.o)
 .debug_ranges  0x00000000       0x10 c:\users\matthijs\Documents\Atmel Studio\7.0\ArduinoSketch1\ArduinoSketch1\ArduinoCore\Debug\libArduinoCore.a(hooks.o)
 .debug_line    0x00000000       0x41 c:\users\matthijs\Documents\Atmel Studio\7.0\ArduinoSketch1\ArduinoSketch1\ArduinoCore\Debug\libArduinoCore.a(hooks.o)
 .debug_str     0x00000000      0x147 c:\users\matthijs\Documents\Atmel Studio\7.0\ArduinoSketch1\ArduinoSketch1\ArduinoCore\Debug\libArduinoCore.a(hooks.o)
 .comment       0x00000000       0x31 c:\users\matthijs\Documents\Atmel Studio\7.0\ArduinoSketch1\ArduinoSketch1\ArduinoCore\Debug\libArduinoCore.a(hooks.o)
 .debug_frame   0x00000000       0x24 c:\users\matthijs\Documents\Atmel Studio\7.0\ArduinoSketch1\ArduinoSketch1\ArduinoCore\Debug\libArduinoCore.a(hooks.o)
 .text          0x00000000        0x0 c:/program files (x86)/atmel/studio/7.0/toolchain/avr8/avr8-gnu-toolchain/bin/../lib/gcc/avr/5.4.0/../../../../avr/lib/avr5\libm.a(addsf3.o)
 .data          0x00000000        0x0 c:/program files (x86)/atmel/studio/7.0/toolchain/avr8/avr8-gnu-toolchain/bin/../lib/gcc/avr/5.4.0/../../../../avr/lib/avr5\libm.a(addsf3.o)
 .bss           0x00000000        0x0 c:/program files (x86)/atmel/studio/7.0/toolchain/avr8/avr8-gnu-toolchain/bin/../lib/gcc/avr/5.4.0/../../../../avr/lib/avr5\libm.a(addsf3.o)
 .text.avr-libc.fplib
                0x00000000        0xe c:/program files (x86)/atmel/studio/7.0/toolchain/avr8/avr8-gnu-toolchain/bin/../lib/gcc/avr/5.4.0/../../../../avr/lib/avr5\libm.a(addsf3.o)
 .text          0x00000000        0x0 c:/program files (x86)/atmel/studio/7.0/toolchain/avr8/avr8-gnu-toolchain/bin/../lib/gcc/avr/5.4.0/../../../../avr/lib/avr5\libm.a(addsf3x.o)
 .data          0x00000000        0x0 c:/program files (x86)/atmel/studio/7.0/toolchain/avr8/avr8-gnu-toolchain/bin/../lib/gcc/avr/5.4.0/../../../../avr/lib/avr5\libm.a(addsf3x.o)
 .bss           0x00000000        0x0 c:/program files (x86)/atmel/studio/7.0/toolchain/avr8/avr8-gnu-toolchain/bin/../lib/gcc/avr/5.4.0/../../../../avr/lib/avr5\libm.a(addsf3x.o)
 .text.avr-libc.fplib
                0x00000000       0xcc c:/program files (x86)/atmel/studio/7.0/toolchain/avr8/avr8-gnu-toolchain/bin/../lib/gcc/avr/5.4.0/../../../../avr/lib/avr5\libm.a(addsf3x.o)
 .text          0x00000000        0x0 c:/program files (x86)/atmel/studio/7.0/toolchain/avr8/avr8-gnu-toolchain/bin/../lib/gcc/avr/5.4.0/../../../../avr/lib/avr5\libm.a(cmpsf2.o)
 .data          0x00000000        0x0 c:/program files (x86)/atmel/studio/7.0/toolchain/avr8/avr8-gnu-toolchain/bin/../lib/gcc/avr/5.4.0/../../../../avr/lib/avr5\libm.a(cmpsf2.o)
 .bss           0x00000000        0x0 c:/program files (x86)/atmel/studio/7.0/toolchain/avr8/avr8-gnu-toolchain/bin/../lib/gcc/avr/5.4.0/../../../../avr/lib/avr5\libm.a(cmpsf2.o)
 .text.avr-libc.fplib
                0x00000000        0xa c:/program files (x86)/atmel/studio/7.0/toolchain/avr8/avr8-gnu-toolchain/bin/../lib/gcc/avr/5.4.0/../../../../avr/lib/avr5\libm.a(cmpsf2.o)
 .text          0x00000000        0x0 c:/program files (x86)/atmel/studio/7.0/toolchain/avr8/avr8-gnu-toolchain/bin/../lib/gcc/avr/5.4.0/../../../../avr/lib/avr5\libm.a(divsf3.o)
 .data          0x00000000        0x0 c:/program files (x86)/atmel/studio/7.0/toolchain/avr8/avr8-gnu-toolchain/bin/../lib/gcc/avr/5.4.0/../../../../avr/lib/avr5\libm.a(divsf3.o)
 .bss           0x00000000        0x0 c:/program files (x86)/atmel/studio/7.0/toolchain/avr8/avr8-gnu-toolchain/bin/../lib/gcc/avr/5.4.0/../../../../avr/lib/avr5\libm.a(divsf3.o)
 .text.avr-libc.fplib
                0x00000000        0x8 c:/program files (x86)/atmel/studio/7.0/toolchain/avr8/avr8-gnu-toolchain/bin/../lib/gcc/avr/5.4.0/../../../../avr/lib/avr5\libm.a(divsf3.o)
 .text          0x00000000        0x0 c:/program files (x86)/atmel/studio/7.0/toolchain/avr8/avr8-gnu-toolchain/bin/../lib/gcc/avr/5.4.0/../../../../avr/lib/avr5\libm.a(divsf3x.o)
 .data          0x00000000        0x0 c:/program files (x86)/atmel/studio/7.0/toolchain/avr8/avr8-gnu-toolchain/bin/../lib/gcc/avr/5.4.0/../../../../avr/lib/avr5\libm.a(divsf3x.o)
 .bss           0x00000000        0x0 c:/program files (x86)/atmel/studio/7.0/toolchain/avr8/avr8-gnu-toolchain/bin/../lib/gcc/avr/5.4.0/../../../../avr/lib/avr5\libm.a(divsf3x.o)
 .text.avr-libc.fplib
                0x00000000       0xdc c:/program files (x86)/atmel/studio/7.0/toolchain/avr8/avr8-gnu-toolchain/bin/../lib/gcc/avr/5.4.0/../../../../avr/lib/avr5\libm.a(divsf3x.o)
 .text          0x00000000        0x0 c:/program files (x86)/atmel/studio/7.0/toolchain/avr8/avr8-gnu-toolchain/bin/../lib/gcc/avr/5.4.0/../../../../avr/lib/avr5\libm.a(fixunssfsi.o)
 .data          0x00000000        0x0 c:/program files (x86)/atmel/studio/7.0/toolchain/avr8/avr8-gnu-toolchain/bin/../lib/gcc/avr/5.4.0/../../../../avr/lib/avr5\libm.a(fixunssfsi.o)
 .bss           0x00000000        0x0 c:/program files (x86)/atmel/studio/7.0/toolchain/avr8/avr8-gnu-toolchain/bin/../lib/gcc/avr/5.4.0/../../../../avr/lib/avr5\libm.a(fixunssfsi.o)
 .text.avr-libc.fplib
                0x00000000       0x5e c:/program files (x86)/atmel/studio/7.0/toolchain/avr8/avr8-gnu-toolchain/bin/../lib/gcc/avr/5.4.0/../../../../avr/lib/avr5\libm.a(fixunssfsi.o)
 .text          0x00000000        0x0 c:/program files (x86)/atmel/studio/7.0/toolchain/avr8/avr8-gnu-toolchain/bin/../lib/gcc/avr/5.4.0/../../../../avr/lib/avr5\libm.a(floatsisf.o)
 .data          0x00000000        0x0 c:/program files (x86)/atmel/studio/7.0/toolchain/avr8/avr8-gnu-toolchain/bin/../lib/gcc/avr/5.4.0/../../../../avr/lib/avr5\libm.a(floatsisf.o)
 .bss           0x00000000        0x0 c:/program files (x86)/atmel/studio/7.0/toolchain/avr8/avr8-gnu-toolchain/bin/../lib/gcc/avr/5.4.0/../../../../avr/lib/avr5\libm.a(floatsisf.o)
 .text.avr-libc.fplib
                0x00000000       0x7a c:/program files (x86)/atmel/studio/7.0/toolchain/avr8/avr8-gnu-toolchain/bin/../lib/gcc/avr/5.4.0/../../../../avr/lib/avr5\libm.a(floatsisf.o)
 .text          0x00000000        0x0 c:/program files (x86)/atmel/studio/7.0/toolchain/avr8/avr8-gnu-toolchain/bin/../lib/gcc/avr/5.4.0/../../../../avr/lib/avr5\libm.a(fp_cmp.o)
 .data          0x00000000        0x0 c:/program files (x86)/atmel/studio/7.0/toolchain/avr8/avr8-gnu-toolchain/bin/../lib/gcc/avr/5.4.0/../../../../avr/lib/avr5\libm.a(fp_cmp.o)
 .bss           0x00000000        0x0 c:/program files (x86)/atmel/studio/7.0/toolchain/avr8/avr8-gnu-toolchain/bin/../lib/gcc/avr/5.4.0/../../../../avr/lib/avr5\libm.a(fp_cmp.o)
 .text.avr-libc.fplib
                0x00000000       0x48 c:/program files (x86)/atmel/studio/7.0/toolchain/avr8/avr8-gnu-toolchain/bin/../lib/gcc/avr/5.4.0/../../../../avr/lib/avr5\libm.a(fp_cmp.o)
 .text          0x00000000        0x0 c:/program files (x86)/atmel/studio/7.0/toolchain/avr8/avr8-gnu-toolchain/bin/../lib/gcc/avr/5.4.0/../../../../avr/lib/avr5\libm.a(fp_inf.o)
 .data          0x00000000        0x0 c:/program files (x86)/atmel/studio/7.0/toolchain/avr8/avr8-gnu-toolchain/bin/../lib/gcc/avr/5.4.0/../../../../avr/lib/avr5\libm.a(fp_inf.o)
 .bss           0x00000000        0x0 c:/program files (x86)/atmel/studio/7.0/toolchain/avr8/avr8-gnu-toolchain/bin/../lib/gcc/avr/5.4.0/../../../../avr/lib/avr5\libm.a(fp_inf.o)
 .text.avr-libc.fplib
                0x00000000        0xc c:/program files (x86)/atmel/studio/7.0/toolchain/avr8/avr8-gnu-toolchain/bin/../lib/gcc/avr/5.4.0/../../../../avr/lib/avr5\libm.a(fp_inf.o)
 .text          0x00000000        0x0 c:/program files (x86)/atmel/studio/7.0/toolchain/avr8/avr8-gnu-toolchain/bin/../lib/gcc/avr/5.4.0/../../../../avr/lib/avr5\libm.a(fp_nan.o)
 .data          0x00000000        0x0 c:/program files (x86)/atmel/studio/7.0/toolchain/avr8/avr8-gnu-toolchain/bin/../lib/gcc/avr/5.4.0/../../../../avr/lib/avr5\libm.a(fp_nan.o)
 .bss           0x00000000        0x0 c:/program files (x86)/atmel/studio/7.0/toolchain/avr8/avr8-gnu-toolchain/bin/../lib/gcc/avr/5.4.0/../../../../avr/lib/avr5\libm.a(fp_nan.o)
 .text.avr-libc.fplib
                0x00000000        0x6 c:/program files (x86)/atmel/studio/7.0/toolchain/avr8/avr8-gnu-toolchain/bin/../lib/gcc/avr/5.4.0/../../../../avr/lib/avr5\libm.a(fp_nan.o)
 .text          0x00000000        0x0 c:/program files (x86)/atmel/studio/7.0/toolchain/avr8/avr8-gnu-toolchain/bin/../lib/gcc/avr/5.4.0/../../../../avr/lib/avr5\libm.a(fp_pscA.o)
 .data          0x00000000        0x0 c:/program files (x86)/atmel/studio/7.0/toolchain/avr8/avr8-gnu-toolchain/bin/../lib/gcc/avr/5.4.0/../../../../avr/lib/avr5\libm.a(fp_pscA.o)
 .bss           0x00000000        0x0 c:/program files (x86)/atmel/studio/7.0/toolchain/avr8/avr8-gnu-toolchain/bin/../lib/gcc/avr/5.4.0/../../../../avr/lib/avr5\libm.a(fp_pscA.o)
 .text.avr-libc.fplib
                0x00000000        0xe c:/program files (x86)/atmel/studio/7.0/toolchain/avr8/avr8-gnu-toolchain/bin/../lib/gcc/avr/5.4.0/../../../../avr/lib/avr5\libm.a(fp_pscA.o)
 .text          0x00000000        0x0 c:/program files (x86)/atmel/studio/7.0/toolchain/avr8/avr8-gnu-toolchain/bin/../lib/gcc/avr/5.4.0/../../../../avr/lib/avr5\libm.a(fp_pscB.o)
 .data          0x00000000        0x0 c:/program files (x86)/atmel/studio/7.0/toolchain/avr8/avr8-gnu-toolchain/bin/../lib/gcc/avr/5.4.0/../../../../avr/lib/avr5\libm.a(fp_pscB.o)
 .bss           0x00000000        0x0 c:/program files (x86)/atmel/studio/7.0/toolchain/avr8/avr8-gnu-toolchain/bin/../lib/gcc/avr/5.4.0/../../../../avr/lib/avr5\libm.a(fp_pscB.o)
 .text.avr-libc.fplib
                0x00000000        0xe c:/program files (x86)/atmel/studio/7.0/toolchain/avr8/avr8-gnu-toolchain/bin/../lib/gcc/avr/5.4.0/../../../../avr/lib/avr5\libm.a(fp_pscB.o)
 .text          0x00000000        0x0 c:/program files (x86)/atmel/studio/7.0/toolchain/avr8/avr8-gnu-toolchain/bin/../lib/gcc/avr/5.4.0/../../../../avr/lib/avr5\libm.a(fp_round.o)
 .data          0x00000000        0x0 c:/program files (x86)/atmel/studio/7.0/toolchain/avr8/avr8-gnu-toolchain/bin/../lib/gcc/avr/5.4.0/../../../../avr/lib/avr5\libm.a(fp_round.o)
 .bss           0x00000000        0x0 c:/program files (x86)/atmel/studio/7.0/toolchain/avr8/avr8-gnu-toolchain/bin/../lib/gcc/avr/5.4.0/../../../../avr/lib/avr5\libm.a(fp_round.o)
 .text.avr-libc.fplib
                0x00000000       0x22 c:/program files (x86)/atmel/studio/7.0/toolchain/avr8/avr8-gnu-toolchain/bin/../lib/gcc/avr/5.4.0/../../../../avr/lib/avr5\libm.a(fp_round.o)
 .text          0x00000000        0x0 c:/program files (x86)/atmel/studio/7.0/toolchain/avr8/avr8-gnu-toolchain/bin/../lib/gcc/avr/5.4.0/../../../../avr/lib/avr5\libm.a(fp_split3.o)
 .data          0x00000000        0x0 c:/program files (x86)/atmel/studio/7.0/toolchain/avr8/avr8-gnu-toolchain/bin/../lib/gcc/avr/5.4.0/../../../../avr/lib/avr5\libm.a(fp_split3.o)
 .bss           0x00000000        0x0 c:/program files (x86)/atmel/studio/7.0/toolchain/avr8/avr8-gnu-toolchain/bin/../lib/gcc/avr/5.4.0/../../../../avr/lib/avr5\libm.a(fp_split3.o)
 .text.avr-libc.fplib
                0x00000000       0x44 c:/program files (x86)/atmel/studio/7.0/toolchain/avr8/avr8-gnu-toolchain/bin/../lib/gcc/avr/5.4.0/../../../../avr/lib/avr5\libm.a(fp_split3.o)
 .text          0x00000000        0x0 c:/program files (x86)/atmel/studio/7.0/toolchain/avr8/avr8-gnu-toolchain/bin/../lib/gcc/avr/5.4.0/../../../../avr/lib/avr5\libm.a(fp_zero.o)
 .data          0x00000000        0x0 c:/program files (x86)/atmel/studio/7.0/toolchain/avr8/avr8-gnu-toolchain/bin/../lib/gcc/avr/5.4.0/../../../../avr/lib/avr5\libm.a(fp_zero.o)
 .bss           0x00000000        0x0 c:/program files (x86)/atmel/studio/7.0/toolchain/avr8/avr8-gnu-toolchain/bin/../lib/gcc/avr/5.4.0/../../../../avr/lib/avr5\libm.a(fp_zero.o)
 .text.avr-libc.fplib
                0x00000000        0xe c:/program files (x86)/atmel/studio/7.0/toolchain/avr8/avr8-gnu-toolchain/bin/../lib/gcc/avr/5.4.0/../../../../avr/lib/avr5\libm.a(fp_zero.o)
 .text          0x00000000        0x0 c:/program files (x86)/atmel/studio/7.0/toolchain/avr8/avr8-gnu-toolchain/bin/../lib/gcc/avr/5.4.0/../../../../avr/lib/avr5\libm.a(gesf2.o)
 .data          0x00000000        0x0 c:/program files (x86)/atmel/studio/7.0/toolchain/avr8/avr8-gnu-toolchain/bin/../lib/gcc/avr/5.4.0/../../../../avr/lib/avr5\libm.a(gesf2.o)
 .bss           0x00000000        0x0 c:/program files (x86)/atmel/studio/7.0/toolchain/avr8/avr8-gnu-toolchain/bin/../lib/gcc/avr/5.4.0/../../../../avr/lib/avr5\libm.a(gesf2.o)
 .text.avr-libc.fplib
                0x00000000        0xa c:/program files (x86)/atmel/studio/7.0/toolchain/avr8/avr8-gnu-toolchain/bin/../lib/gcc/avr/5.4.0/../../../../avr/lib/avr5\libm.a(gesf2.o)
 .text          0x00000000        0x0 c:/program files (x86)/atmel/studio/7.0/toolchain/avr8/avr8-gnu-toolchain/bin/../lib/gcc/avr/5.4.0/../../../../avr/lib/avr5\libm.a(mulsf3.o)
 .data          0x00000000        0x0 c:/program files (x86)/atmel/studio/7.0/toolchain/avr8/avr8-gnu-toolchain/bin/../lib/gcc/avr/5.4.0/../../../../avr/lib/avr5\libm.a(mulsf3.o)
 .bss           0x00000000        0x0 c:/program files (x86)/atmel/studio/7.0/toolchain/avr8/avr8-gnu-toolchain/bin/../lib/gcc/avr/5.4.0/../../../../avr/lib/avr5\libm.a(mulsf3.o)
 .text.avr-libc.fplib
                0x00000000        0x8 c:/program files (x86)/atmel/studio/7.0/toolchain/avr8/avr8-gnu-toolchain/bin/../lib/gcc/avr/5.4.0/../../../../avr/lib/avr5\libm.a(mulsf3.o)
 .text          0x00000000        0x0 c:/program files (x86)/atmel/studio/7.0/toolchain/avr8/avr8-gnu-toolchain/bin/../lib/gcc/avr/5.4.0/../../../../avr/lib/avr5\libm.a(mulsf3x.o)
 .data          0x00000000        0x0 c:/program files (x86)/atmel/studio/7.0/toolchain/avr8/avr8-gnu-toolchain/bin/../lib/gcc/avr/5.4.0/../../../../avr/lib/avr5\libm.a(mulsf3x.o)
 .bss           0x00000000        0x0 c:/program files (x86)/atmel/studio/7.0/toolchain/avr8/avr8-gnu-toolchain/bin/../lib/gcc/avr/5.4.0/../../../../avr/lib/avr5\libm.a(mulsf3x.o)
 .text.avr-libc.fplib
                0x00000000       0xd2 c:/program files (x86)/atmel/studio/7.0/toolchain/avr8/avr8-gnu-toolchain/bin/../lib/gcc/avr/5.4.0/../../../../avr/lib/avr5\libm.a(mulsf3x.o)
 .text          0x00000000        0x0 c:/program files (x86)/atmel/studio/7.0/toolchain/avr8/avr8-gnu-toolchain/bin/../lib/gcc/avr/5.4.0/../../../../avr/lib/avr5\libm.a(unordsf2.o)
 .data          0x00000000        0x0 c:/program files (x86)/atmel/studio/7.0/toolchain/avr8/avr8-gnu-toolchain/bin/../lib/gcc/avr/5.4.0/../../../../avr/lib/avr5\libm.a(unordsf2.o)
 .bss           0x00000000        0x0 c:/program files (x86)/atmel/studio/7.0/toolchain/avr8/avr8-gnu-toolchain/bin/../lib/gcc/avr/5.4.0/../../../../avr/lib/avr5\libm.a(unordsf2.o)
 .text.avr-libc.fplib
                0x00000000        0xa c:/program files (x86)/atmel/studio/7.0/toolchain/avr8/avr8-gnu-toolchain/bin/../lib/gcc/avr/5.4.0/../../../../avr/lib/avr5\libm.a(unordsf2.o)
 .text          0x00000000        0x0 c:/program files (x86)/atmel/studio/7.0/toolchain/avr8/avr8-gnu-toolchain/bin/../lib/gcc/avr/5.4.0/avr5\libgcc.a(_udivmodsi4.o)
 .data          0x00000000        0x0 c:/program files (x86)/atmel/studio/7.0/toolchain/avr8/avr8-gnu-toolchain/bin/../lib/gcc/avr/5.4.0/avr5\libgcc.a(_udivmodsi4.o)
 .bss           0x00000000        0x0 c:/program files (x86)/atmel/studio/7.0/toolchain/avr8/avr8-gnu-toolchain/bin/../lib/gcc/avr/5.4.0/avr5\libgcc.a(_udivmodsi4.o)
 .text.libgcc.mul
                0x00000000        0x0 c:/program files (x86)/atmel/studio/7.0/toolchain/avr8/avr8-gnu-toolchain/bin/../lib/gcc/avr/5.4.0/avr5\libgcc.a(_udivmodsi4.o)
 .text.libgcc   0x00000000        0x0 c:/program files (x86)/atmel/studio/7.0/toolchain/avr8/avr8-gnu-toolchain/bin/../lib/gcc/avr/5.4.0/avr5\libgcc.a(_udivmodsi4.o)
 .text.libgcc.prologue
                0x00000000        0x0 c:/program files (x86)/atmel/studio/7.0/toolchain/avr8/avr8-gnu-toolchain/bin/../lib/gcc/avr/5.4.0/avr5\libgcc.a(_udivmodsi4.o)
 .text.libgcc.builtins
                0x00000000        0x0 c:/program files (x86)/atmel/studio/7.0/toolchain/avr8/avr8-gnu-toolchain/bin/../lib/gcc/avr/5.4.0/avr5\libgcc.a(_udivmodsi4.o)
 .text.libgcc.fmul
                0x00000000        0x0 c:/program files (x86)/atmel/studio/7.0/toolchain/avr8/avr8-gnu-toolchain/bin/../lib/gcc/avr/5.4.0/avr5\libgcc.a(_udivmodsi4.o)
 .text.libgcc.fixed
                0x00000000        0x0 c:/program files (x86)/atmel/studio/7.0/toolchain/avr8/avr8-gnu-toolchain/bin/../lib/gcc/avr/5.4.0/avr5\libgcc.a(_udivmodsi4.o)
 .text          0x00000000        0x0 c:/program files (x86)/atmel/studio/7.0/toolchain/avr8/avr8-gnu-toolchain/bin/../lib/gcc/avr/5.4.0/avr5\libgcc.a(_exit.o)
 .data          0x00000000        0x0 c:/program files (x86)/atmel/studio/7.0/toolchain/avr8/avr8-gnu-toolchain/bin/../lib/gcc/avr/5.4.0/avr5\libgcc.a(_exit.o)
 .bss           0x00000000        0x0 c:/program files (x86)/atmel/studio/7.0/toolchain/avr8/avr8-gnu-toolchain/bin/../lib/gcc/avr/5.4.0/avr5\libgcc.a(_exit.o)
 .text.libgcc.mul
                0x00000000        0x0 c:/program files (x86)/atmel/studio/7.0/toolchain/avr8/avr8-gnu-toolchain/bin/../lib/gcc/avr/5.4.0/avr5\libgcc.a(_exit.o)
 .text.libgcc.div
                0x00000000        0x0 c:/program files (x86)/atmel/studio/7.0/toolchain/avr8/avr8-gnu-toolchain/bin/../lib/gcc/avr/5.4.0/avr5\libgcc.a(_exit.o)
 .text.libgcc   0x00000000        0x0 c:/program files (x86)/atmel/studio/7.0/toolchain/avr8/avr8-gnu-toolchain/bin/../lib/gcc/avr/5.4.0/avr5\libgcc.a(_exit.o)
 .text.libgcc.prologue
                0x00000000        0x0 c:/program files (x86)/atmel/studio/7.0/toolchain/avr8/avr8-gnu-toolchain/bin/../lib/gcc/avr/5.4.0/avr5\libgcc.a(_exit.o)
 .text.libgcc.builtins
                0x00000000        0x0 c:/program files (x86)/atmel/studio/7.0/toolchain/avr8/avr8-gnu-toolchain/bin/../lib/gcc/avr/5.4.0/avr5\libgcc.a(_exit.o)
 .text.libgcc.fmul
                0x00000000        0x0 c:/program files (x86)/atmel/studio/7.0/toolchain/avr8/avr8-gnu-toolchain/bin/../lib/gcc/avr/5.4.0/avr5\libgcc.a(_exit.o)
 .text.libgcc.fixed
                0x00000000        0x0 c:/program files (x86)/atmel/studio/7.0/toolchain/avr8/avr8-gnu-toolchain/bin/../lib/gcc/avr/5.4.0/avr5\libgcc.a(_exit.o)
 .text          0x00000000        0x0 c:/program files (x86)/atmel/studio/7.0/toolchain/avr8/avr8-gnu-toolchain/bin/../lib/gcc/avr/5.4.0/avr5\libgcc.a(_copy_data.o)
 .data          0x00000000        0x0 c:/program files (x86)/atmel/studio/7.0/toolchain/avr8/avr8-gnu-toolchain/bin/../lib/gcc/avr/5.4.0/avr5\libgcc.a(_copy_data.o)
 .bss           0x00000000        0x0 c:/program files (x86)/atmel/studio/7.0/toolchain/avr8/avr8-gnu-toolchain/bin/../lib/gcc/avr/5.4.0/avr5\libgcc.a(_copy_data.o)
 .text.libgcc.mul
                0x00000000        0x0 c:/program files (x86)/atmel/studio/7.0/toolchain/avr8/avr8-gnu-toolchain/bin/../lib/gcc/avr/5.4.0/avr5\libgcc.a(_copy_data.o)
 .text.libgcc.div
                0x00000000        0x0 c:/program files (x86)/atmel/studio/7.0/toolchain/avr8/avr8-gnu-toolchain/bin/../lib/gcc/avr/5.4.0/avr5\libgcc.a(_copy_data.o)
 .text.libgcc   0x00000000        0x0 c:/program files (x86)/atmel/studio/7.0/toolchain/avr8/avr8-gnu-toolchain/bin/../lib/gcc/avr/5.4.0/avr5\libgcc.a(_copy_data.o)
 .text.libgcc.prologue
                0x00000000        0x0 c:/program files (x86)/atmel/studio/7.0/toolchain/avr8/avr8-gnu-toolchain/bin/../lib/gcc/avr/5.4.0/avr5\libgcc.a(_copy_data.o)
 .text.libgcc.builtins
                0x00000000        0x0 c:/program files (x86)/atmel/studio/7.0/toolchain/avr8/avr8-gnu-toolchain/bin/../lib/gcc/avr/5.4.0/avr5\libgcc.a(_copy_data.o)
 .text.libgcc.fmul
                0x00000000        0x0 c:/program files (x86)/atmel/studio/7.0/toolchain/avr8/avr8-gnu-toolchain/bin/../lib/gcc/avr/5.4.0/avr5\libgcc.a(_copy_data.o)
 .text.libgcc.fixed
                0x00000000        0x0 c:/program files (x86)/atmel/studio/7.0/toolchain/avr8/avr8-gnu-toolchain/bin/../lib/gcc/avr/5.4.0/avr5\libgcc.a(_copy_data.o)
 .text          0x00000000        0x0 c:/program files (x86)/atmel/studio/7.0/toolchain/avr8/avr8-gnu-toolchain/bin/../lib/gcc/avr/5.4.0/avr5\libgcc.a(_clear_bss.o)
 .data          0x00000000        0x0 c:/program files (x86)/atmel/studio/7.0/toolchain/avr8/avr8-gnu-toolchain/bin/../lib/gcc/avr/5.4.0/avr5\libgcc.a(_clear_bss.o)
 .bss           0x00000000        0x0 c:/program files (x86)/atmel/studio/7.0/toolchain/avr8/avr8-gnu-toolchain/bin/../lib/gcc/avr/5.4.0/avr5\libgcc.a(_clear_bss.o)
 .text.libgcc.mul
                0x00000000        0x0 c:/program files (x86)/atmel/studio/7.0/toolchain/avr8/avr8-gnu-toolchain/bin/../lib/gcc/avr/5.4.0/avr5\libgcc.a(_clear_bss.o)
 .text.libgcc.div
                0x00000000        0x0 c:/program files (x86)/atmel/studio/7.0/toolchain/avr8/avr8-gnu-toolchain/bin/../lib/gcc/avr/5.4.0/avr5\libgcc.a(_clear_bss.o)
 .text.libgcc   0x00000000        0x0 c:/program files (x86)/atmel/studio/7.0/toolchain/avr8/avr8-gnu-toolchain/bin/../lib/gcc/avr/5.4.0/avr5\libgcc.a(_clear_bss.o)
 .text.libgcc.prologue
                0x00000000        0x0 c:/program files (x86)/atmel/studio/7.0/toolchain/avr8/avr8-gnu-toolchain/bin/../lib/gcc/avr/5.4.0/avr5\libgcc.a(_clear_bss.o)
 .text.libgcc.builtins
                0x00000000        0x0 c:/program files (x86)/atmel/studio/7.0/toolchain/avr8/avr8-gnu-toolchain/bin/../lib/gcc/avr/5.4.0/avr5\libgcc.a(_clear_bss.o)
 .text.libgcc.fmul
                0x00000000        0x0 c:/program files (x86)/atmel/studio/7.0/toolchain/avr8/avr8-gnu-toolchain/bin/../lib/gcc/avr/5.4.0/avr5\libgcc.a(_clear_bss.o)
 .text.libgcc.fixed
                0x00000000        0x0 c:/program files (x86)/atmel/studio/7.0/toolchain/avr8/avr8-gnu-toolchain/bin/../lib/gcc/avr/5.4.0/avr5\libgcc.a(_clear_bss.o)
 .text          0x00000000        0x0 c:/program files (x86)/atmel/studio/7.0/toolchain/avr8/avr8-gnu-toolchain/bin/../lib/gcc/avr/5.4.0/avr5\libgcc.a(_ctors.o)
 .data          0x00000000        0x0 c:/program files (x86)/atmel/studio/7.0/toolchain/avr8/avr8-gnu-toolchain/bin/../lib/gcc/avr/5.4.0/avr5\libgcc.a(_ctors.o)
 .bss           0x00000000        0x0 c:/program files (x86)/atmel/studio/7.0/toolchain/avr8/avr8-gnu-toolchain/bin/../lib/gcc/avr/5.4.0/avr5\libgcc.a(_ctors.o)
 .text.libgcc.mul
                0x00000000        0x0 c:/program files (x86)/atmel/studio/7.0/toolchain/avr8/avr8-gnu-toolchain/bin/../lib/gcc/avr/5.4.0/avr5\libgcc.a(_ctors.o)
 .text.libgcc.div
                0x00000000        0x0 c:/program files (x86)/atmel/studio/7.0/toolchain/avr8/avr8-gnu-toolchain/bin/../lib/gcc/avr/5.4.0/avr5\libgcc.a(_ctors.o)
 .text.libgcc   0x00000000        0x0 c:/program files (x86)/atmel/studio/7.0/toolchain/avr8/avr8-gnu-toolchain/bin/../lib/gcc/avr/5.4.0/avr5\libgcc.a(_ctors.o)
 .text.libgcc.prologue
                0x00000000        0x0 c:/program files (x86)/atmel/studio/7.0/toolchain/avr8/avr8-gnu-toolchain/bin/../lib/gcc/avr/5.4.0/avr5\libgcc.a(_ctors.o)
 .text.libgcc.builtins
                0x00000000        0x0 c:/program files (x86)/atmel/studio/7.0/toolchain/avr8/avr8-gnu-toolchain/bin/../lib/gcc/avr/5.4.0/avr5\libgcc.a(_ctors.o)
 .text.libgcc.fmul
                0x00000000        0x0 c:/program files (x86)/atmel/studio/7.0/toolchain/avr8/avr8-gnu-toolchain/bin/../lib/gcc/avr/5.4.0/avr5\libgcc.a(_ctors.o)
 .text.libgcc.fixed
                0x00000000        0x0 c:/program files (x86)/atmel/studio/7.0/toolchain/avr8/avr8-gnu-toolchain/bin/../lib/gcc/avr/5.4.0/avr5\libgcc.a(_ctors.o)
 .text          0x00000000        0x0 c:/program files (x86)/atmel/studio/7.0/toolchain/avr8/avr8-gnu-toolchain/bin/../lib/gcc/avr/5.4.0/avr5\libgcc.a(_tablejump2.o)
 .data          0x00000000        0x0 c:/program files (x86)/atmel/studio/7.0/toolchain/avr8/avr8-gnu-toolchain/bin/../lib/gcc/avr/5.4.0/avr5\libgcc.a(_tablejump2.o)
 .bss           0x00000000        0x0 c:/program files (x86)/atmel/studio/7.0/toolchain/avr8/avr8-gnu-toolchain/bin/../lib/gcc/avr/5.4.0/avr5\libgcc.a(_tablejump2.o)
 .text.libgcc.mul
                0x00000000        0x0 c:/program files (x86)/atmel/studio/7.0/toolchain/avr8/avr8-gnu-toolchain/bin/../lib/gcc/avr/5.4.0/avr5\libgcc.a(_tablejump2.o)
 .text.libgcc.div
                0x00000000        0x0 c:/program files (x86)/atmel/studio/7.0/toolchain/avr8/avr8-gnu-toolchain/bin/../lib/gcc/avr/5.4.0/avr5\libgcc.a(_tablejump2.o)
 .text.libgcc.prologue
                0x00000000        0x0 c:/program files (x86)/atmel/studio/7.0/toolchain/avr8/avr8-gnu-toolchain/bin/../lib/gcc/avr/5.4.0/avr5\libgcc.a(_tablejump2.o)
 .text.libgcc.builtins
                0x00000000        0x0 c:/program files (x86)/atmel/studio/7.0/toolchain/avr8/avr8-gnu-toolchain/bin/../lib/gcc/avr/5.4.0/avr5\libgcc.a(_tablejump2.o)
 .text.libgcc.fmul
                0x00000000        0x0 c:/program files (x86)/atmel/studio/7.0/toolchain/avr8/avr8-gnu-toolchain/bin/../lib/gcc/avr/5.4.0/avr5\libgcc.a(_tablejump2.o)
 .text.libgcc.fixed
                0x00000000        0x0 c:/program files (x86)/atmel/studio/7.0/toolchain/avr8/avr8-gnu-toolchain/bin/../lib/gcc/avr/5.4.0/avr5\libgcc.a(_tablejump2.o)
 .text          0x00000000        0x0 c:/program files (x86)/atmel/studio/7.0/toolchain/avr8/avr8-gnu-toolchain/bin/../lib/gcc/avr/5.4.0/../../../../avr/lib/avr5\libc.a(abort.o)
 .data          0x00000000        0x0 c:/program files (x86)/atmel/studio/7.0/toolchain/avr8/avr8-gnu-toolchain/bin/../lib/gcc/avr/5.4.0/../../../../avr/lib/avr5\libc.a(abort.o)
 .bss           0x00000000        0x0 c:/program files (x86)/atmel/studio/7.0/toolchain/avr8/avr8-gnu-toolchain/bin/../lib/gcc/avr/5.4.0/../../../../avr/lib/avr5\libc.a(abort.o)
 .text.avr-libc
                0x00000000        0xa c:/program files (x86)/atmel/studio/7.0/toolchain/avr8/avr8-gnu-toolchain/bin/../lib/gcc/avr/5.4.0/../../../../avr/lib/avr5\libc.a(abort.o)

Memory Configuration

Name             Origin             Length             Attributes
text             0x00000000         0x00020000         xr
data             0x00800060         0x0000ffa0         rw !x
eeprom           0x00810000         0x00010000         rw !x
fuse             0x00820000         0x00000003         rw !x
lock             0x00830000         0x00000400         rw !x
signature        0x00840000         0x00000400         rw !x
user_signatures  0x00850000         0x00000400         rw !x
*default*        0x00000000         0xffffffff

Linker script and memory map

Address of section .data set to 0x800100
LOAD C:/Program Files (x86)/Atmel/Studio/7.0/Packs/atmel/ATmega_DFP/1.2.132/gcc/dev/atmega328p/avr5/crtatmega328p.o
LOAD Sketch.o
START GROUP
LOAD c:/program files (x86)/atmel/studio/7.0/toolchain/avr8/avr8-gnu-toolchain/bin/../lib/gcc/avr/5.4.0/../../../../avr/lib/avr5\libm.a
LOAD c:\users\matthijs\Documents\Atmel Studio\7.0\ArduinoSketch1\ArduinoSketch1\ArduinoCore\Debug\libArduinoCore.a
END GROUP
LOAD c:/program files (x86)/atmel/studio/7.0/toolchain/avr8/avr8-gnu-toolchain/bin/../lib/gcc/avr/5.4.0/avr5\libgcc.a
LOAD c:/program files (x86)/atmel/studio/7.0/toolchain/avr8/avr8-gnu-toolchain/bin/../lib/gcc/avr/5.4.0/../../../../avr/lib/avr5\libm.a
START GROUP
LOAD c:/program files (x86)/atmel/studio/7.0/toolchain/avr8/avr8-gnu-toolchain/bin/../lib/gcc/avr/5.4.0/avr5\libgcc.a
LOAD c:/program files (x86)/atmel/studio/7.0/toolchain/avr8/avr8-gnu-toolchain/bin/../lib/gcc/avr/5.4.0/../../../../avr/lib/avr5\libm.a
LOAD c:/program files (x86)/atmel/studio/7.0/toolchain/avr8/avr8-gnu-toolchain/bin/../lib/gcc/avr/5.4.0/../../../../avr/lib/avr5\libc.a
LOAD C:/Program Files (x86)/Atmel/Studio/7.0/Packs/atmel/ATmega_DFP/1.2.132/gcc/dev/atmega328p/avr5\libatmega328p.a
END GROUP
                0x00020000                __TEXT_REGION_LENGTH__ = DEFINED (__TEXT_REGION_LENGTH__)?__TEXT_REGION_LENGTH__:0x20000
                0x0000ffa0                __DATA_REGION_LENGTH__ = DEFINED (__DATA_REGION_LENGTH__)?__DATA_REGION_LENGTH__:0xffa0
                0x00010000                __EEPROM_REGION_LENGTH__ = DEFINED (__EEPROM_REGION_LENGTH__)?__EEPROM_REGION_LENGTH__:0x10000
                [0x00000003]                __FUSE_REGION_LENGTH__ = DEFINED (__FUSE_REGION_LENGTH__)?__FUSE_REGION_LENGTH__:0x400
                0x00000400                __LOCK_REGION_LENGTH__ = DEFINED (__LOCK_REGION_LENGTH__)?__LOCK_REGION_LENGTH__:0x400
                0x00000400                __SIGNATURE_REGION_LENGTH__ = DEFINED (__SIGNATURE_REGION_LENGTH__)?__SIGNATURE_REGION_LENGTH__:0x400
                0x00000400                __USER_SIGNATURE_REGION_LENGTH__ = DEFINED (__USER_SIGNATURE_REGION_LENGTH__)?__USER_SIGNATURE_REGION_LENGTH__:0x400

.hash
 *(.hash)

.dynsym
 *(.dynsym)

.dynstr
 *(.dynstr)

.gnu.version
 *(.gnu.version)

.gnu.version_d
 *(.gnu.version_d)

.gnu.version_r
 *(.gnu.version_r)

.rel.init
 *(.rel.init)

.rela.init
 *(.rela.init)

.rel.text
 *(.rel.text)
 *(.rel.text.*)
 *(.rel.gnu.linkonce.t*)

.rela.text
 *(.rela.text)
 *(.rela.text.*)
 *(.rela.gnu.linkonce.t*)

.rel.fini
 *(.rel.fini)

.rela.fini
 *(.rela.fini)

.rel.rodata
 *(.rel.rodata)
 *(.rel.rodata.*)
 *(.rel.gnu.linkonce.r*)

.rela.rodata
 *(.rela.rodata)
 *(.rela.rodata.*)
 *(.rela.gnu.linkonce.r*)

.rel.data
 *(.rel.data)
 *(.rel.data.*)
 *(.rel.gnu.linkonce.d*)

.rela.data
 *(.rela.data)
 *(.rela.data.*)
 *(.rela.gnu.linkonce.d*)

.rel.ctors
 *(.rel.ctors)

.rela.ctors
 *(.rela.ctors)

.rel.dtors
 *(.rel.dtors)

.rela.dtors
 *(.rela.dtors)

.rel.got
 *(.rel.got)

.rela.got
 *(.rela.got)

.rel.bss
 *(.rel.bss)

.rela.bss
 *(.rela.bss)

.rel.plt
 *(.rel.plt)

.rela.plt
 *(.rela.plt)

.text           0x00000000      0x930
 *(.vectors)
 .vectors       0x00000000       0x68 C:/Program Files (x86)/Atmel/Studio/7.0/Packs/atmel/ATmega_DFP/1.2.132/gcc/dev/atmega328p/avr5/crtatmega328p.o
                0x00000000                __vector_default
                0x00000000                __vectors
 *(.vectors)
 *(.progmem.gcc*)
                0x00000068                . = ALIGN (0x2)
                0x00000068                __trampolines_start = .
 *(.trampolines)
 .trampolines   0x00000068        0x0 linker stubs
 *(.trampolines*)
                0x00000068                __trampolines_end = .
 *libprintf_flt.a:*(.progmem.data)
 *libc.a:*(.progmem.data)
 *(.progmem*)
                0x00000068                . = ALIGN (0x2)
 *(.jumptables)
 *(.jumptables*)
 *(.lowtext)
 *(.lowtext*)
                0x00000068                __ctors_start = .
 *(.ctors)
 .ctors         0x00000068        0x2 c:\users\matthijs\Documents\Atmel Studio\7.0\ArduinoSketch1\ArduinoSketch1\ArduinoCore\Debug\libArduinoCore.a(HardwareSerial0.o)
                0x0000006a                __ctors_end = .
                0x0000006a                __dtors_start = .
 *(.dtors)
                0x0000006a                __dtors_end = .
 SORT(*)(.ctors)
 SORT(*)(.dtors)
 *(.init0)
 .init0         0x0000006a        0x0 C:/Program Files (x86)/Atmel/Studio/7.0/Packs/atmel/ATmega_DFP/1.2.132/gcc/dev/atmega328p/avr5/crtatmega328p.o
                0x0000006a                __init
 *(.init0)
 *(.init1)
 *(.init1)
 *(.init2)
 .init2         0x0000006a        0xc C:/Program Files (x86)/Atmel/Studio/7.0/Packs/atmel/ATmega_DFP/1.2.132/gcc/dev/atmega328p/avr5/crtatmega328p.o
 *(.init2)
 *(.init3)
 *(.init3)
 *(.init4)
 .init4         0x00000076       0x16 c:/program files (x86)/atmel/studio/7.0/toolchain/avr8/avr8-gnu-toolchain/bin/../lib/gcc/avr/5.4.0/avr5\libgcc.a(_copy_data.o)
                0x00000076                __do_copy_data
 .init4         0x0000008c       0x10 c:/program files (x86)/atmel/studio/7.0/toolchain/avr8/avr8-gnu-toolchain/bin/../lib/gcc/avr/5.4.0/avr5\libgcc.a(_clear_bss.o)
                0x0000008c                __do_clear_bss
 *(.init4)
 *(.init5)
 *(.init5)
 *(.init6)
 .init6         0x0000009c       0x16 c:/program files (x86)/atmel/studio/7.0/toolchain/avr8/avr8-gnu-toolchain/bin/../lib/gcc/avr/5.4.0/avr5\libgcc.a(_ctors.o)
                0x0000009c                __do_global_ctors
 *(.init6)
 *(.init7)
 *(.init7)
 *(.init8)
 *(.init8)
 *(.init9)
 .init9         0x000000b2        0x8 C:/Program Files (x86)/Atmel/Studio/7.0/Packs/atmel/ATmega_DFP/1.2.132/gcc/dev/atmega328p/avr5/crtatmega328p.o
 *(.init9)
 *(.text)
 .text          0x000000ba        0x4 C:/Program Files (x86)/Atmel/Studio/7.0/Packs/atmel/ATmega_DFP/1.2.132/gcc/dev/atmega328p/avr5/crtatmega328p.o
                0x000000ba                __vector_22
                0x000000ba                __vector_1
                0x000000ba                __vector_24
                0x000000ba                __vector_12
                0x000000ba                __bad_interrupt
                0x000000ba                __vector_6
                0x000000ba                __vector_3
                0x000000ba                __vector_23
                0x000000ba                __vector_25
                0x000000ba                __vector_11
                0x000000ba                __vector_13
                0x000000ba                __vector_17
                0x000000ba                __vector_7
                0x000000ba                __vector_5
                0x000000ba                __vector_4
                0x000000ba                __vector_9
                0x000000ba                __vector_2
                0x000000ba                __vector_21
                0x000000ba                __vector_15
                0x000000ba                __vector_8
                0x000000ba                __vector_14
                0x000000ba                __vector_10
                0x000000ba                __vector_20
                0x000000be                . = ALIGN (0x2)
 *(.text.*)
 .text.setup    0x000000be       0x12 Sketch.o
                0x000000be                setup
 .text.loop     0x000000d0      0x1b0 Sketch.o
                0x000000d0                loop
 .text._ZN14HardwareSerial9availableEv
                0x00000280       0x18 c:\users\matthijs\Documents\Atmel Studio\7.0\ArduinoSketch1\ArduinoSketch1\ArduinoCore\Debug\libArduinoCore.a(HardwareSerial.o)
                0x00000280                _ZN14HardwareSerial9availableEv
 .text._ZN14HardwareSerial4peekEv
                0x00000298       0x1c c:\users\matthijs\Documents\Atmel Studio\7.0\ArduinoSketch1\ArduinoSketch1\ArduinoCore\Debug\libArduinoCore.a(HardwareSerial.o)
                0x00000298                _ZN14HardwareSerial4peekEv
 .text._ZN14HardwareSerial4readEv
                0x000002b4       0x28 c:\users\matthijs\Documents\Atmel Studio\7.0\ArduinoSketch1\ArduinoSketch1\ArduinoCore\Debug\libArduinoCore.a(HardwareSerial.o)
                0x000002b4                _ZN14HardwareSerial4readEv
 .text._ZN14HardwareSerial17availableForWriteEv
                0x000002dc       0x1e c:\users\matthijs\Documents\Atmel Studio\7.0\ArduinoSketch1\ArduinoSketch1\ArduinoCore\Debug\libArduinoCore.a(HardwareSerial.o)
                0x000002dc                _ZN14HardwareSerial17availableForWriteEv
 .text._Z14serialEventRunv
                0x000002fa       0x1c c:\users\matthijs\Documents\Atmel Studio\7.0\ArduinoSketch1\ArduinoSketch1\ArduinoCore\Debug\libArduinoCore.a(HardwareSerial.o)
                0x000002fa                _Z14serialEventRunv
 .text._ZN14HardwareSerial17_tx_udr_empty_irqEv
                0x00000316       0x42 c:\users\matthijs\Documents\Atmel Studio\7.0\ArduinoSketch1\ArduinoSketch1\ArduinoCore\Debug\libArduinoCore.a(HardwareSerial.o)
                0x00000316                _ZN14HardwareSerial17_tx_udr_empty_irqEv
 .text._ZN14HardwareSerial5writeEh
                0x00000358       0x8e c:\users\matthijs\Documents\Atmel Studio\7.0\ArduinoSketch1\ArduinoSketch1\ArduinoCore\Debug\libArduinoCore.a(HardwareSerial.o)
                0x00000358                _ZN14HardwareSerial5writeEh
 .text._ZN14HardwareSerial5flushEv
                0x000003e6       0x44 c:\users\matthijs\Documents\Atmel Studio\7.0\ArduinoSketch1\ArduinoSketch1\ArduinoCore\Debug\libArduinoCore.a(HardwareSerial.o)
                0x000003e6                _ZN14HardwareSerial5flushEv
 .text._ZN14HardwareSerial5beginEmh
                0x0000042a       0xca c:\users\matthijs\Documents\Atmel Studio\7.0\ArduinoSketch1\ArduinoSketch1\ArduinoCore\Debug\libArduinoCore.a(HardwareSerial.o)
                0x0000042a                _ZN14HardwareSerial5beginEmh
 .text.__vector_18
                0x000004f4       0x64 c:\users\matthijs\Documents\Atmel Studio\7.0\ArduinoSketch1\ArduinoSketch1\ArduinoCore\Debug\libArduinoCore.a(HardwareSerial0.o)
                0x000004f4                __vector_18
 .text.__vector_19
                0x00000558       0x4c c:\users\matthijs\Documents\Atmel Studio\7.0\ArduinoSketch1\ArduinoSketch1\ArduinoCore\Debug\libArduinoCore.a(HardwareSerial0.o)
                0x00000558                __vector_19
 .text._Z17Serial0_availablev
                0x000005a4       0x14 c:\users\matthijs\Documents\Atmel Studio\7.0\ArduinoSketch1\ArduinoSketch1\ArduinoCore\Debug\libArduinoCore.a(HardwareSerial0.o)
                0x000005a4                _Z17Serial0_availablev
 .text.startup._GLOBAL__sub_I___vector_18
                0x000005b8       0x5a c:\users\matthijs\Documents\Atmel Studio\7.0\ArduinoSketch1\ArduinoSketch1\ArduinoCore\Debug\libArduinoCore.a(HardwareSerial0.o)
 .text.initVariant
                0x00000612        0x2 c:\users\matthijs\Documents\Atmel Studio\7.0\ArduinoSketch1\ArduinoSketch1\ArduinoCore\Debug\libArduinoCore.a(main.o)
                0x00000612                initVariant
 .text.startup.main
                0x00000614       0x1e c:\users\matthijs\Documents\Atmel Studio\7.0\ArduinoSketch1\ArduinoSketch1\ArduinoCore\Debug\libArduinoCore.a(main.o)
                0x00000614                main
 .text._ZN5Print5writeEPKhj
                0x00000632       0x54 c:\users\matthijs\Documents\Atmel Studio\7.0\ArduinoSketch1\ArduinoSketch1\ArduinoCore\Debug\libArduinoCore.a(Print.o)
                0x00000632                _ZN5Print5writeEPKhj
 .text._ZN5Print5writeEPKc
                0x00000686       0x2a c:\users\matthijs\Documents\Atmel Studio\7.0\ArduinoSketch1\ArduinoSketch1\ArduinoCore\Debug\libArduinoCore.a(Print.o)
                0x00000686                _ZN5Print5writeEPKc
 .text._ZN5Print7printlnEv
                0x000006b0        0x8 c:\users\matthijs\Documents\Atmel Studio\7.0\ArduinoSketch1\ArduinoSketch1\ArduinoCore\Debug\libArduinoCore.a(Print.o)
                0x000006b0                _ZN5Print7printlnEv
 .text._ZN5Print11printNumberEmh
                0x000006b8       0x92 c:\users\matthijs\Documents\Atmel Studio\7.0\ArduinoSketch1\ArduinoSketch1\ArduinoCore\Debug\libArduinoCore.a(Print.o)
                0x000006b8                _ZN5Print11printNumberEmh
 .text._ZN5Print5printEmi
                0x0000074a       0x1a c:\users\matthijs\Documents\Atmel Studio\7.0\ArduinoSketch1\ArduinoSketch1\ArduinoCore\Debug\libArduinoCore.a(Print.o)
                0x0000074a                _ZN5Print5printEmi
 .text._ZN5Print7printlnEmi
                0x00000764       0x24 c:\users\matthijs\Documents\Atmel Studio\7.0\ArduinoSketch1\ArduinoSketch1\ArduinoCore\Debug\libArduinoCore.a(Print.o)
                0x00000764                _ZN5Print7printlnEmi
 .text.__vector_16
                0x00000788       0x94 c:\users\matthijs\Documents\Atmel Studio\7.0\ArduinoSketch1\ArduinoSketch1\ArduinoCore\Debug\libArduinoCore.a(wiring.o)
                0x00000788                __vector_16
 .text.micros   0x0000081c       0x4a c:\users\matthijs\Documents\Atmel Studio\7.0\ArduinoSketch1\ArduinoSketch1\ArduinoCore\Debug\libArduinoCore.a(wiring.o)
                0x0000081c                micros
 .text.init     0x00000866       0x76 c:\users\matthijs\Documents\Atmel Studio\7.0\ArduinoSketch1\ArduinoSketch1\ArduinoCore\Debug\libArduinoCore.a(wiring.o)
                0x00000866                init
 .text.libgcc.div
                0x000008dc       0x44 c:/program files (x86)/atmel/studio/7.0/toolchain/avr8/avr8-gnu-toolchain/bin/../lib/gcc/avr/5.4.0/avr5\libgcc.a(_udivmodsi4.o)
                0x000008dc                __udivmodsi4
 .text.libgcc   0x00000920        0xc c:/program files (x86)/atmel/studio/7.0/toolchain/avr8/avr8-gnu-toolchain/bin/../lib/gcc/avr/5.4.0/avr5\libgcc.a(_tablejump2.o)
                0x00000920                __tablejump2__
                0x0000092c                . = ALIGN (0x2)
 *(.fini9)
 .fini9         0x0000092c        0x0 c:/program files (x86)/atmel/studio/7.0/toolchain/avr8/avr8-gnu-toolchain/bin/../lib/gcc/avr/5.4.0/avr5\libgcc.a(_exit.o)
                0x0000092c                _exit
                0x0000092c                exit
 *(.fini9)
 *(.fini8)
 *(.fini8)
 *(.fini7)
 *(.fini7)
 *(.fini6)
 *(.fini6)
 *(.fini5)
 *(.fini5)
 *(.fini4)
 *(.fini4)
 *(.fini3)
 *(.fini3)
 *(.fini2)
 *(.fini2)
 *(.fini1)
 *(.fini1)
 *(.fini0)
 .fini0         0x0000092c        0x4 c:/program files (x86)/atmel/studio/7.0/toolchain/avr8/avr8-gnu-toolchain/bin/../lib/gcc/avr/5.4.0/avr5\libgcc.a(_exit.o)
 *(.fini0)
                0x00000930                _etext = .

.data           0x00800100      0x186 load address 0x00000930
                0x00800100                PROVIDE (__data_start, .)
 *(.data)
 *(.data*)
 .data._ZZ4loopE7matrixY
                0x00800100       0xa9 Sketch.o
 .data._ZZ4loopE7matrixX
                0x008001a9       0xa9 Sketch.o
 *(.rodata)
 *(.rodata*)
 .rodata.str1.1
                0x00800252       0x13 Sketch.o
 .rodata._ZTV14HardwareSerial
                0x00800265       0x12 c:\users\matthijs\Documents\Atmel Studio\7.0\ArduinoSketch1\ArduinoSketch1\ArduinoCore\Debug\libArduinoCore.a(HardwareSerial.o)
                0x00800265                _ZTV14HardwareSerial
 .rodata.str1.1
                0x00800277        0xf c:\users\matthijs\Documents\Atmel Studio\7.0\ArduinoSketch1\ArduinoSketch1\ArduinoCore\Debug\libArduinoCore.a(Print.o)
 *(.gnu.linkonce.d*)
                0x00800286                . = ALIGN (0x2)
                0x00800286                _edata = .
                0x00800286                PROVIDE (__data_end, .)

.bss            0x00800286       0xa6
                0x00800286                PROVIDE (__bss_start, .)
 *(.bss)
 *(.bss*)
 .bss.Serial    0x00800286       0x9d c:\users\matthijs\Documents\Atmel Studio\7.0\ArduinoSketch1\ArduinoSketch1\ArduinoCore\Debug\libArduinoCore.a(HardwareSerial0.o)
                0x00800286                Serial
 .bss.timer0_fract
                0x00800323        0x1 c:\users\matthijs\Documents\Atmel Studio\7.0\ArduinoSketch1\ArduinoSketch1\ArduinoCore\Debug\libArduinoCore.a(wiring.o)
 .bss.timer0_millis
                0x00800324        0x4 c:\users\matthijs\Documents\Atmel Studio\7.0\ArduinoSketch1\ArduinoSketch1\ArduinoCore\Debug\libArduinoCore.a(wiring.o)
                0x00800324                timer0_millis
 .bss.timer0_overflow_count
                0x00800328        0x4 c:\users\matthijs\Documents\Atmel Studio\7.0\ArduinoSketch1\ArduinoSketch1\ArduinoCore\Debug\libArduinoCore.a(wiring.o)
                0x00800328                timer0_overflow_count
 *(COMMON)
                0x0080032c                PROVIDE (__bss_end, .)
                0x00000930                __data_load_start = LOADADDR (.data)
                0x00000ab6                __data_load_end = (__data_load_start + SIZEOF (.data))

.noinit         0x0080032c        0x0
                [!provide]                PROVIDE (__noinit_start, .)
 *(.noinit*)
                [!provide]                PROVIDE (__noinit_end, .)
                0x0080032c                _end = .
                [!provide]                PROVIDE (__heap_start, .)

.eeprom         0x00810000        0x0
 *(.eeprom*)
                0x00810000                __eeprom_end = .

.fuse
 *(.fuse)
 *(.lfuse)
 *(.hfuse)
 *(.efuse)

.lock
 *(.lock*)

.signature
 *(.signature*)

.user_signatures
 *(.user_signatures*)

.stab
 *(.stab)

.stabstr
 *(.stabstr)

.stab.excl
 *(.stab.excl)

.stab.exclstr
 *(.stab.exclstr)

.stab.index
 *(.stab.index)

.stab.indexstr
 *(.stab.indexstr)

.comment        0x00000000       0x30
 *(.comment)
 .comment       0x00000000       0x30 Sketch.o
                                 0x31 (size before relaxing)
 .comment       0x00000030       0x31 c:\users\matthijs\Documents\Atmel Studio\7.0\ArduinoSketch1\ArduinoSketch1\ArduinoCore\Debug\libArduinoCore.a(HardwareSerial.o)
 .comment       0x00000030       0x31 c:\users\matthijs\Documents\Atmel Studio\7.0\ArduinoSketch1\ArduinoSketch1\ArduinoCore\Debug\libArduinoCore.a(HardwareSerial0.o)
 .comment       0x00000030       0x31 c:\users\matthijs\Documents\Atmel Studio\7.0\ArduinoSketch1\ArduinoSketch1\ArduinoCore\Debug\libArduinoCore.a(main.o)
 .comment       0x00000030       0x31 c:\users\matthijs\Documents\Atmel Studio\7.0\ArduinoSketch1\ArduinoSketch1\ArduinoCore\Debug\libArduinoCore.a(Print.o)
 .comment       0x00000030       0x31 c:\users\matthijs\Documents\Atmel Studio\7.0\ArduinoSketch1\ArduinoSketch1\ArduinoCore\Debug\libArduinoCore.a(wiring.o)

.note.gnu.avr.deviceinfo
                0x00000000       0x40
 .note.gnu.avr.deviceinfo
                0x00000000       0x40 C:/Program Files (x86)/Atmel/Studio/7.0/Packs/atmel/ATmega_DFP/1.2.132/gcc/dev/atmega328p/avr5/crtatmega328p.o

.note.gnu.build-id
 *(.note.gnu.build-id)

.debug
 *(.debug)

.line
 *(.line)

.debug_srcinfo
 *(.debug_srcinfo)

.debug_sfnames
 *(.debug_sfnames)

.debug_aranges  0x00000000      0x250
 *(.debug_aranges)
 .debug_aranges
                0x00000000       0x28 Sketch.o
 .debug_aranges
                0x00000028       0x68 c:\users\matthijs\Documents\Atmel Studio\7.0\ArduinoSketch1\ArduinoSketch1\ArduinoCore\Debug\libArduinoCore.a(HardwareSerial.o)
 .debug_aranges
                0x00000090       0x48 c:\users\matthijs\Documents\Atmel Studio\7.0\ArduinoSketch1\ArduinoSketch1\ArduinoCore\Debug\libArduinoCore.a(HardwareSerial0.o)
 .debug_aranges
                0x000000d8       0x30 c:\users\matthijs\Documents\Atmel Studio\7.0\ArduinoSketch1\ArduinoSketch1\ArduinoCore\Debug\libArduinoCore.a(main.o)
 .debug_aranges
                0x00000108      0x100 c:\users\matthijs\Documents\Atmel Studio\7.0\ArduinoSketch1\ArduinoSketch1\ArduinoCore\Debug\libArduinoCore.a(Print.o)
 .debug_aranges
                0x00000208       0x48 c:\users\matthijs\Documents\Atmel Studio\7.0\ArduinoSketch1\ArduinoSketch1\ArduinoCore\Debug\libArduinoCore.a(wiring.o)

.debug_pubnames
 *(.debug_pubnames)

.debug_info     0x00000000     0x723c
 *(.debug_info .gnu.linkonce.wi.*)
 .debug_info    0x00000000      0x5f4 C:/Program Files (x86)/Atmel/Studio/7.0/Packs/atmel/ATmega_DFP/1.2.132/gcc/dev/atmega328p/avr5/crtatmega328p.o
 .debug_info    0x000005f4      0x4a8 Sketch.o
 .debug_info    0x00000a9c     0x1e89 c:\users\matthijs\Documents\Atmel Studio\7.0\ArduinoSketch1\ArduinoSketch1\ArduinoCore\Debug\libArduinoCore.a(HardwareSerial.o)
 .debug_info    0x00002925     0x1b16 c:\users\matthijs\Documents\Atmel Studio\7.0\ArduinoSketch1\ArduinoSketch1\ArduinoCore\Debug\libArduinoCore.a(HardwareSerial0.o)
 .debug_info    0x0000443b      0x237 c:\users\matthijs\Documents\Atmel Studio\7.0\ArduinoSketch1\ArduinoSketch1\ArduinoCore\Debug\libArduinoCore.a(main.o)
 .debug_info    0x00004672     0x28ff c:\users\matthijs\Documents\Atmel Studio\7.0\ArduinoSketch1\ArduinoSketch1\ArduinoCore\Debug\libArduinoCore.a(Print.o)
 .debug_info    0x00006f71      0x2cb c:\users\matthijs\Documents\Atmel Studio\7.0\ArduinoSketch1\ArduinoSketch1\ArduinoCore\Debug\libArduinoCore.a(wiring.o)

.debug_abbrev   0x00000000     0x16ad
 *(.debug_abbrev)
 .debug_abbrev  0x00000000      0x5a2 C:/Program Files (x86)/Atmel/Studio/7.0/Packs/atmel/ATmega_DFP/1.2.132/gcc/dev/atmega328p/avr5/crtatmega328p.o
 .debug_abbrev  0x000005a2      0x21e Sketch.o
 .debug_abbrev  0x000007c0      0x432 c:\users\matthijs\Documents\Atmel Studio\7.0\ArduinoSketch1\ArduinoSketch1\ArduinoCore\Debug\libArduinoCore.a(HardwareSerial.o)
 .debug_abbrev  0x00000bf2      0x3ce c:\users\matthijs\Documents\Atmel Studio\7.0\ArduinoSketch1\ArduinoSketch1\ArduinoCore\Debug\libArduinoCore.a(HardwareSerial0.o)
 .debug_abbrev  0x00000fc0      0x12d c:\users\matthijs\Documents\Atmel Studio\7.0\ArduinoSketch1\ArduinoSketch1\ArduinoCore\Debug\libArduinoCore.a(main.o)
 .debug_abbrev  0x000010ed      0x47a c:\users\matthijs\Documents\Atmel Studio\7.0\ArduinoSketch1\ArduinoSketch1\ArduinoCore\Debug\libArduinoCore.a(Print.o)
 .debug_abbrev  0x00001567      0x146 c:\users\matthijs\Documents\Atmel Studio\7.0\ArduinoSketch1\ArduinoSketch1\ArduinoCore\Debug\libArduinoCore.a(wiring.o)

.debug_line     0x00000000     0x14cd
 *(.debug_line .debug_line.* .debug_line_end)
 .debug_line    0x00000000      0x133 C:/Program Files (x86)/Atmel/Studio/7.0/Packs/atmel/ATmega_DFP/1.2.132/gcc/dev/atmega328p/avr5/crtatmega328p.o
 .debug_line    0x00000133      0x265 Sketch.o
 .debug_line    0x00000398      0x426 c:\users\matthijs\Documents\Atmel Studio\7.0\ArduinoSketch1\ArduinoSketch1\ArduinoCore\Debug\libArduinoCore.a(HardwareSerial.o)
 .debug_line    0x000007be      0x28c c:\users\matthijs\Documents\Atmel Studio\7.0\ArduinoSketch1\ArduinoSketch1\ArduinoCore\Debug\libArduinoCore.a(HardwareSerial0.o)
 .debug_line    0x00000a4a      0x165 c:\users\matthijs\Documents\Atmel Studio\7.0\ArduinoSketch1\ArduinoSketch1\ArduinoCore\Debug\libArduinoCore.a(main.o)
 .debug_line    0x00000baf      0x685 c:\users\matthijs\Documents\Atmel Studio\7.0\ArduinoSketch1\ArduinoSketch1\ArduinoCore\Debug\libArduinoCore.a(Print.o)
 .debug_line    0x00001234      0x299 c:\users\matthijs\Documents\Atmel Studio\7.0\ArduinoSketch1\ArduinoSketch1\ArduinoCore\Debug\libArduinoCore.a(wiring.o)

.debug_frame    0x00000000      0x74c
 *(.debug_frame)
 .debug_frame   0x00000000       0x98 Sketch.o
 .debug_frame   0x00000098      0x110 c:\users\matthijs\Documents\Atmel Studio\7.0\ArduinoSketch1\ArduinoSketch1\ArduinoCore\Debug\libArduinoCore.a(HardwareSerial.o)
 .debug_frame   0x000001a8       0xe0 c:\users\matthijs\Documents\Atmel Studio\7.0\ArduinoSketch1\ArduinoSketch1\ArduinoCore\Debug\libArduinoCore.a(HardwareSerial0.o)
 .debug_frame   0x00000288       0x54 c:\users\matthijs\Documents\Atmel Studio\7.0\ArduinoSketch1\ArduinoSketch1\ArduinoCore\Debug\libArduinoCore.a(main.o)
 .debug_frame   0x000002dc      0x3ac c:\users\matthijs\Documents\Atmel Studio\7.0\ArduinoSketch1\ArduinoSketch1\ArduinoCore\Debug\libArduinoCore.a(Print.o)
 .debug_frame   0x00000688       0xc4 c:\users\matthijs\Documents\Atmel Studio\7.0\ArduinoSketch1\ArduinoSketch1\ArduinoCore\Debug\libArduinoCore.a(wiring.o)

.debug_str      0x00000000     0x1f62
 *(.debug_str)
 .debug_str     0x00000000      0x208 C:/Program Files (x86)/Atmel/Studio/7.0/Packs/atmel/ATmega_DFP/1.2.132/gcc/dev/atmega328p/avr5/crtatmega328p.o
 .debug_str     0x00000208      0x33f Sketch.o
                                0x3a0 (size before relaxing)
 .debug_str     0x00000547     0x1414 c:\users\matthijs\Documents\Atmel Studio\7.0\ArduinoSketch1\ArduinoSketch1\ArduinoCore\Debug\libArduinoCore.a(HardwareSerial.o)
                               0x15f4 (size before relaxing)
 .debug_str     0x0000195b       0xca c:\users\matthijs\Documents\Atmel Studio\7.0\ArduinoSketch1\ArduinoSketch1\ArduinoCore\Debug\libArduinoCore.a(HardwareSerial0.o)
                               0x1410 (size before relaxing)
 .debug_str     0x00001a25       0x37 c:\users\matthijs\Documents\Atmel Studio\7.0\ArduinoSketch1\ArduinoSketch1\ArduinoCore\Debug\libArduinoCore.a(main.o)
                                0x2bc (size before relaxing)
 .debug_str     0x00001a5c      0x3ab c:\users\matthijs\Documents\Atmel Studio\7.0\ArduinoSketch1\ArduinoSketch1\ArduinoCore\Debug\libArduinoCore.a(Print.o)
                               0x124a (size before relaxing)
 .debug_str     0x00001e07      0x15b c:\users\matthijs\Documents\Atmel Studio\7.0\ArduinoSketch1\ArduinoSketch1\ArduinoCore\Debug\libArduinoCore.a(wiring.o)
                                0x252 (size before relaxing)

.debug_loc      0x00000000     0x293e
 *(.debug_loc)
 .debug_loc     0x00000000      0x3f8 Sketch.o
 .debug_loc     0x000003f8      0x482 c:\users\matthijs\Documents\Atmel Studio\7.0\ArduinoSketch1\ArduinoSketch1\ArduinoCore\Debug\libArduinoCore.a(HardwareSerial.o)
 .debug_loc     0x0000087a      0x1b0 c:\users\matthijs\Documents\Atmel Studio\7.0\ArduinoSketch1\ArduinoSketch1\ArduinoCore\Debug\libArduinoCore.a(HardwareSerial0.o)
 .debug_loc     0x00000a2a     0x1c87 c:\users\matthijs\Documents\Atmel Studio\7.0\ArduinoSketch1\ArduinoSketch1\ArduinoCore\Debug\libArduinoCore.a(Print.o)
 .debug_loc     0x000026b1      0x28d c:\users\matthijs\Documents\Atmel Studio\7.0\ArduinoSketch1\ArduinoSketch1\ArduinoCore\Debug\libArduinoCore.a(wiring.o)

.debug_macinfo
 *(.debug_macinfo)

.debug_weaknames
 *(.debug_weaknames)

.debug_funcnames
 *(.debug_funcnames)

.debug_typenames
 *(.debug_typenames)

.debug_varnames
 *(.debug_varnames)

.debug_pubtypes
 *(.debug_pubtypes)

.debug_ranges   0x00000000      0x240
 *(.debug_ranges)
 .debug_ranges  0x00000000       0x38 Sketch.o
 .debug_ranges  0x00000038       0x58 c:\users\matthijs\Documents\Atmel Studio\7.0\ArduinoSketch1\ArduinoSketch1\ArduinoCore\Debug\libArduinoCore.a(HardwareSerial.o)
 .debug_ranges  0x00000090       0x38 c:\users\matthijs\Documents\Atmel Studio\7.0\ArduinoSketch1\ArduinoSketch1\ArduinoCore\Debug\libArduinoCore.a(HardwareSerial0.o)
 .debug_ranges  0x000000c8       0x20 c:\users\matthijs\Documents\Atmel Studio\7.0\ArduinoSketch1\ArduinoSketch1\ArduinoCore\Debug\libArduinoCore.a(main.o)
 .debug_ranges  0x000000e8      0x120 c:\users\matthijs\Documents\Atmel Studio\7.0\ArduinoSketch1\ArduinoSketch1\ArduinoCore\Debug\libArduinoCore.a(Print.o)
 .debug_ranges  0x00000208       0x38 c:\users\matthijs\Documents\Atmel Studio\7.0\ArduinoSketch1\ArduinoSketch1\ArduinoCore\Debug\libArduinoCore.a(wiring.o)

.debug_macro
 *(.debug_macro)
OUTPUT(Assignment_1.ino.elf elf32-avr)
LOAD linker stubs
